Archive member included to satisfy reference by file (symbol)

c:/program files (x86)/atmel/studio/7.0/toolchain/arm/arm-gnu-toolchain/bin/../lib/gcc/arm-none-eabi/6.2.1/../../../../arm-none-eabi/lib/thumb/v7e-m\libc.a(lib_a-exit.o)
                              c:/program files (x86)/atmel/studio/7.0/toolchain/arm/arm-gnu-toolchain/bin/../lib/gcc/arm-none-eabi/6.2.1/../../../../arm-none-eabi/lib/thumb/v7e-m/crt0.o (exit)
c:/program files (x86)/atmel/studio/7.0/toolchain/arm/arm-gnu-toolchain/bin/../lib/gcc/arm-none-eabi/6.2.1/../../../../arm-none-eabi/lib/thumb/v7e-m\libc.a(lib_a-impure.o)
                              c:/program files (x86)/atmel/studio/7.0/toolchain/arm/arm-gnu-toolchain/bin/../lib/gcc/arm-none-eabi/6.2.1/../../../../arm-none-eabi/lib/thumb/v7e-m\libc.a(lib_a-exit.o) (_global_impure_ptr)
c:/program files (x86)/atmel/studio/7.0/toolchain/arm/arm-gnu-toolchain/bin/../lib/gcc/arm-none-eabi/6.2.1/../../../../arm-none-eabi/lib/thumb/v7e-m\libc.a(lib_a-init.o)
                              c:/program files (x86)/atmel/studio/7.0/toolchain/arm/arm-gnu-toolchain/bin/../lib/gcc/arm-none-eabi/6.2.1/../../../../arm-none-eabi/lib/thumb/v7e-m/crt0.o (__libc_init_array)
c:/program files (x86)/atmel/studio/7.0/toolchain/arm/arm-gnu-toolchain/bin/../lib/gcc/arm-none-eabi/6.2.1/../../../../arm-none-eabi/lib/thumb/v7e-m\libc.a(lib_a-memset.o)
                              c:/program files (x86)/atmel/studio/7.0/toolchain/arm/arm-gnu-toolchain/bin/../lib/gcc/arm-none-eabi/6.2.1/../../../../arm-none-eabi/lib/thumb/v7e-m/crt0.o (memset)
c:/program files (x86)/atmel/studio/7.0/toolchain/arm/arm-gnu-toolchain/bin/../lib/gcc/arm-none-eabi/6.2.1/../../../../arm-none-eabi/lib/thumb/v7e-m\libc.a(lib_a-__call_atexit.o)
                              c:/program files (x86)/atmel/studio/7.0/toolchain/arm/arm-gnu-toolchain/bin/../lib/gcc/arm-none-eabi/6.2.1/../../../../arm-none-eabi/lib/thumb/v7e-m\libc.a(lib_a-exit.o) (__call_exitprocs)
c:/program files (x86)/atmel/studio/7.0/toolchain/arm/arm-gnu-toolchain/bin/../lib/gcc/arm-none-eabi/6.2.1/../../../../arm-none-eabi/lib/thumb/v7e-m\libc.a(lib_a-atexit.o)
                              c:/program files (x86)/atmel/studio/7.0/toolchain/arm/arm-gnu-toolchain/bin/../lib/gcc/arm-none-eabi/6.2.1/../../../../arm-none-eabi/lib/thumb/v7e-m\libc.a(lib_a-__call_atexit.o) (atexit)
c:/program files (x86)/atmel/studio/7.0/toolchain/arm/arm-gnu-toolchain/bin/../lib/gcc/arm-none-eabi/6.2.1/../../../../arm-none-eabi/lib/thumb/v7e-m\libc.a(lib_a-fini.o)
                              c:/program files (x86)/atmel/studio/7.0/toolchain/arm/arm-gnu-toolchain/bin/../lib/gcc/arm-none-eabi/6.2.1/../../../../arm-none-eabi/lib/thumb/v7e-m\libc.a(lib_a-__call_atexit.o) (__libc_fini_array)
c:/program files (x86)/atmel/studio/7.0/toolchain/arm/arm-gnu-toolchain/bin/../lib/gcc/arm-none-eabi/6.2.1/../../../../arm-none-eabi/lib/thumb/v7e-m\libc.a(lib_a-__atexit.o)
                              c:/program files (x86)/atmel/studio/7.0/toolchain/arm/arm-gnu-toolchain/bin/../lib/gcc/arm-none-eabi/6.2.1/../../../../arm-none-eabi/lib/thumb/v7e-m\libc.a(lib_a-atexit.o) (__register_exitproc)

Allocating common symbols
Common symbol       size              file

afec_ch_cfg         0x2               src/CAN/can_routines.o
afec_cfg            0x1c              src/CAN/can_routines.o
outputs             0x100             src/main.o
sleepmgr_locks      0x6               src/ASF/common/services/sleepmgr/sam/sleepmgr.o
can_mailbox         0x100             src/CAN/can_routines.o
afec_callback_pointer
                    0xb8              src/ASF/sam/drivers/afec/afec.o

Discarded input sections

 .text          0x00000000        0x0 c:/program files (x86)/atmel/studio/7.0/toolchain/arm/arm-gnu-toolchain/bin/../lib/gcc/arm-none-eabi/6.2.1/thumb/v7e-m/crti.o
 .data          0x00000000        0x0 c:/program files (x86)/atmel/studio/7.0/toolchain/arm/arm-gnu-toolchain/bin/../lib/gcc/arm-none-eabi/6.2.1/thumb/v7e-m/crti.o
 .bss           0x00000000        0x0 c:/program files (x86)/atmel/studio/7.0/toolchain/arm/arm-gnu-toolchain/bin/../lib/gcc/arm-none-eabi/6.2.1/thumb/v7e-m/crti.o
 .data          0x00000000        0x4 c:/program files (x86)/atmel/studio/7.0/toolchain/arm/arm-gnu-toolchain/bin/../lib/gcc/arm-none-eabi/6.2.1/thumb/v7e-m/crtbegin.o
 .text          0x00000000       0x74 c:/program files (x86)/atmel/studio/7.0/toolchain/arm/arm-gnu-toolchain/bin/../lib/gcc/arm-none-eabi/6.2.1/../../../../arm-none-eabi/lib/thumb/v7e-m/crt0.o
 .data          0x00000000        0x0 c:/program files (x86)/atmel/studio/7.0/toolchain/arm/arm-gnu-toolchain/bin/../lib/gcc/arm-none-eabi/6.2.1/../../../../arm-none-eabi/lib/thumb/v7e-m/crt0.o
 .bss           0x00000000        0x0 c:/program files (x86)/atmel/studio/7.0/toolchain/arm/arm-gnu-toolchain/bin/../lib/gcc/arm-none-eabi/6.2.1/../../../../arm-none-eabi/lib/thumb/v7e-m/crt0.o
[...]
Memory Configuration

Name             Origin             Length             Attributes
rom              0x00400000         0x00080000         xr
ram              0x20000000         0x00020000         xrw
*default*        0x00000000         0xffffffff

Linker script and memory map

LOAD c:/program files (x86)/atmel/studio/7.0/toolchain/arm/arm-gnu-toolchain/bin/../lib/gcc/arm-none-eabi/6.2.1/thumb/v7e-m/crti.o
LOAD c:/program files (x86)/atmel/studio/7.0/toolchain/arm/arm-gnu-toolchain/bin/../lib/gcc/arm-none-eabi/6.2.1/thumb/v7e-m/crtbegin.o
LOAD c:/program files (x86)/atmel/studio/7.0/toolchain/arm/arm-gnu-toolchain/bin/../lib/gcc/arm-none-eabi/6.2.1/../../../../arm-none-eabi/lib/thumb/v7e-m/crt0.o
LOAD src/ASF/sam/drivers/can/can.o
LOAD src/ASF/sam/drivers/tc/tc.o
LOAD src/CAN/can_routines.o
LOAD src/PDU.o
LOAD src/ASF/common/services/delay/sam/cycle_counter.o
LOAD src/ASF/common/services/sleepmgr/sam/sleepmgr.o
LOAD src/ASF/sam/drivers/wdt/wdt.o
LOAD src/ASF/common/services/clock/sam4e/sysclk.o
LOAD src/ASF/sam/drivers/afec/afec.o
LOAD src/ASF/sam/drivers/pmc/pmc.o
LOAD src/ASF/sam/drivers/rtt/rtt.o
LOAD src/ASF/sam/drivers/uart/uart.o
LOAD src/ASF/sam/drivers/pmc/sleep.o
LOAD src/ASF/common/boards/user_board/init.o
LOAD src/ASF/common/utils/interrupt/interrupt_sam_nvic.o
LOAD src/ASF/sam/utils/cmsis/sam4e/source/templates/exceptions.o
LOAD src/ASF/sam/utils/cmsis/sam4e/source/templates/gcc/startup_sam4e.o
LOAD src/ASF/sam/utils/cmsis/sam4e/source/templates/system_sam4e.o
LOAD src/ASF/sam/utils/syscalls/gcc/syscalls.o
LOAD src/main.o
START GROUP
LOAD ../src/ASF/thirdparty/CMSIS/Lib/GCC\libarm_cortexM4lf_math_softfp.a
LOAD c:/program files (x86)/atmel/studio/7.0/toolchain/arm/arm-gnu-toolchain/bin/../lib/gcc/arm-none-eabi/6.2.1/../../../../arm-none-eabi/lib/thumb/v7e-m\libm.a
END GROUP
START GROUP
LOAD c:/program files (x86)/atmel/studio/7.0/toolchain/arm/arm-gnu-toolchain/bin/../lib/gcc/arm-none-eabi/6.2.1/thumb/v7e-m\libgcc.a
LOAD c:/program files (x86)/atmel/studio/7.0/toolchain/arm/arm-gnu-toolchain/bin/../lib/gcc/arm-none-eabi/6.2.1/../../../../arm-none-eabi/lib/thumb/v7e-m\libc.a
END GROUP
LOAD c:/program files (x86)/atmel/studio/7.0/toolchain/arm/arm-gnu-toolchain/bin/../lib/gcc/arm-none-eabi/6.2.1/thumb/v7e-m/crtend.o
LOAD c:/program files (x86)/atmel/studio/7.0/toolchain/arm/arm-gnu-toolchain/bin/../lib/gcc/arm-none-eabi/6.2.1/thumb/v7e-m/crtn.o
                0x00003000                __stack_size__ = DEFINED (__stack_size__)?__stack_size__:0x3000
                0x2001fffc                __ram_end__ = ((ORIGIN (ram) + LENGTH (ram)) - 0x4)

.text           0x00400000     0x18bc
                0x00400000                . = ALIGN (0x4)
                0x00400000                _sfixed = .
 *(.vectors .vectors.*)
 .vectors       0x00400000       0xf8 src/ASF/sam/utils/cmsis/sam4e/source/templates/gcc/startup_sam4e.o
                0x00400000                exception_table
 *(.text .text.* .gnu.linkonce.t.*)
 .text          0x004000f8       0x6c c:/program files (x86)/atmel/studio/7.0/toolchain/arm/arm-gnu-toolchain/bin/../lib/gcc/arm-none-eabi/6.2.1/thumb/v7e-m/crtbegin.o
 .text.can_disable_autobaud_listen_mode
                0x00400164        0xa src/ASF/sam/drivers/can/can.o
                0x00400164                can_disable_autobaud_listen_mode
 .text.can_enable_autobaud_listen_mode
                0x0040016e        0xa src/ASF/sam/drivers/can/can.o
                0x0040016e                can_enable_autobaud_listen_mode
 .text.can_enable_interrupt
                0x00400178        0x4 src/ASF/sam/drivers/can/can.o
                0x00400178                can_enable_interrupt
 .text.can_disable_interrupt
                0x0040017c        0x4 src/ASF/sam/drivers/can/can.o
                0x0040017c                can_disable_interrupt
 .text.can_get_status
                0x00400180        0x4 src/ASF/sam/drivers/can/can.o
                0x00400180                can_get_status
 .text.can_get_tx_error_cnt
                0x00400184        0x8 src/ASF/sam/drivers/can/can.o
                0x00400184                can_get_tx_error_cnt
 .text.can_mailbox_get_status
                0x0040018c        0xa src/ASF/sam/drivers/can/can.o
                0x0040018c                can_mailbox_get_status
 .text.can_mailbox_send_transfer_cmd
                0x00400196       0x18 src/ASF/sam/drivers/can/can.o
                0x00400196                can_mailbox_send_transfer_cmd
 .text.can_mailbox_init
                0x004001ae       0x6a src/ASF/sam/drivers/can/can.o
                0x004001ae                can_mailbox_init
 .text.can_mailbox_read
                0x00400218       0x58 src/ASF/sam/drivers/can/can.o
                0x00400218                can_mailbox_read
 .text.can_mailbox_write
                0x00400270       0x4a src/ASF/sam/drivers/can/can.o
                0x00400270                can_mailbox_write
 *fill*         0x004002ba        0x2 
 .text.can_reset_all_mailbox
                0x004002bc       0x24 src/ASF/sam/drivers/can/can.o
                0x004002bc                can_reset_all_mailbox
 .text.can_init
                0x004002e0       0xe4 src/ASF/sam/drivers/can/can.o
                0x004002e0                can_init
 .text.tc_init  0x004003c4       0x16 src/ASF/sam/drivers/tc/tc.o
                0x004003c4                tc_init
 .text.tc_start
                0x004003da        0x8 src/ASF/sam/drivers/tc/tc.o
                0x004003da                tc_start
 .text.tc_write_rc
                0x004003e2        0x8 src/ASF/sam/drivers/tc/tc.o
                0x004003e2                tc_write_rc
 .text.tc_enable_interrupt
                0x004003ea        0x8 src/ASF/sam/drivers/tc/tc.o
                0x004003ea                tc_enable_interrupt
 .text.tc_get_status
                0x004003f2        0x8 src/ASF/sam/drivers/tc/tc.o
                0x004003f2                tc_get_status
 .text.tc_find_mck_divisor
                0x004003fa       0x4a src/ASF/sam/drivers/tc/tc.o
                0x004003fa                tc_find_mck_divisor
 .text.get_chip_temp
                0x00400444       0xa4 src/PDU.o
                0x00400444                get_chip_temp
 .text.init_PDU
                0x004004e8      0x2c0 src/PDU.o
                0x004004e8                init_PDU
 .text.set_enable
                0x004007a8       0x10 src/PDU.o
                0x004007a8                set_enable
 .text.get_is   0x004007b8       0x94 src/PDU.o
                0x004007b8                get_is
 .text.update_output_status
                0x0040084c       0xc8 src/PDU.o
                0x0040084c                update_output_status
 .text.soft_restart
                0x00400914       0x44 src/PDU.o
                0x00400914                soft_restart
 .text.handle_CAN
                0x00400958       0x7c src/PDU.o
                0x00400958                handle_CAN
 .text.CAN0_Handler
                0x004009d4       0xe4 src/PDU.o
                0x004009d4                CAN0_Handler
 .text.PDU_transmit_callback
                0x00400ab8      0x298 src/PDU.o
                0x00400ab8                PDU_transmit_callback
 .text.ECU_timeout_callback
                0x00400d50       0x28 src/PDU.o
                0x00400d50                ECU_timeout_callback
 .text.osc_enable
                0x00400d78       0x48 src/ASF/common/services/clock/sam4e/sysclk.o
 .text.osc_wait_ready.constprop.6
                0x00400dc0       0x10 src/ASF/common/services/clock/sam4e/sysclk.o
 .text.sysclk_init
                0x00400dd0       0x64 src/ASF/common/services/clock/sam4e/sysclk.o
                0x00400dd0                sysclk_init
 .text.afec_process_callback
                0x00400e34       0x5c src/ASF/sam/drivers/afec/afec.o
 .text.afec_ch_set_config
                0x00400e90       0x2e src/ASF/sam/drivers/afec/afec.o
                0x00400e90                afec_ch_set_config
 .text.afec_temp_sensor_set_config
                0x00400ebe       0x10 src/ASF/sam/drivers/afec/afec.o
                0x00400ebe                afec_temp_sensor_set_config
 *fill*         0x00400ece        0x2 
 .text.afec_get_config_defaults
                0x00400ed0       0x30 src/ASF/sam/drivers/afec/afec.o
                0x00400ed0                afec_get_config_defaults
 .text.afec_ch_get_config_defaults
                0x00400f00        0xa src/ASF/sam/drivers/afec/afec.o
                0x00400f00                afec_ch_get_config_defaults
 .text.afec_temp_sensor_get_config_defaults
                0x00400f0a       0x14 src/ASF/sam/drivers/afec/afec.o
                0x00400f0a                afec_temp_sensor_get_config_defaults
 *fill*         0x00400f1e        0x2 
 .text.afec_init
                0x00400f20       0xd4 src/ASF/sam/drivers/afec/afec.o
                0x00400f20                afec_init
 .text.afec_enable_interrupt
                0x00400ff4       0x34 src/ASF/sam/drivers/afec/afec.o
                0x00400ff4                afec_enable_interrupt
 .text.afec_set_callback
                0x00401028       0x54 src/ASF/sam/drivers/afec/afec.o
                0x00401028                afec_set_callback
 .text.AFEC0_Handler
                0x0040107c       0x10 src/ASF/sam/drivers/afec/afec.o
                0x0040107c                AFEC0_Handler
 .text.AFEC1_Handler
                0x0040108c       0x10 src/ASF/sam/drivers/afec/afec.o
                0x0040108c                AFEC1_Handler
 .text.afec_enable
                0x0040109c       0x5c src/ASF/sam/drivers/afec/afec.o
                0x0040109c                afec_enable
 .text.pmc_switch_mck_to_pllack
                0x004010f8       0x44 src/ASF/sam/drivers/pmc/pmc.o
                0x004010f8                pmc_switch_mck_to_pllack
 .text.pmc_switch_sclk_to_32kxtal
                0x0040113c       0x20 src/ASF/sam/drivers/pmc/pmc.o
                0x0040113c                pmc_switch_sclk_to_32kxtal
 .text.pmc_switch_mainck_to_fastrc
                0x0040115c       0x44 src/ASF/sam/drivers/pmc/pmc.o
                0x0040115c                pmc_switch_mainck_to_fastrc
 .text.pmc_switch_mainck_to_xtal
                0x004011a0       0x48 src/ASF/sam/drivers/pmc/pmc.o
                0x004011a0                pmc_switch_mainck_to_xtal
 .text.pmc_osc_is_ready_mainck
                0x004011e8       0x10 src/ASF/sam/drivers/pmc/pmc.o
                0x004011e8                pmc_osc_is_ready_mainck
 .text.pmc_disable_pllack
                0x004011f8       0x10 src/ASF/sam/drivers/pmc/pmc.o
                0x004011f8                pmc_disable_pllack
 .text.pmc_is_locked_pllack
                0x00401208       0x10 src/ASF/sam/drivers/pmc/pmc.o
                0x00401208                pmc_is_locked_pllack
 .text.pmc_enable_periph_clk
                0x00401218       0x40 src/ASF/sam/drivers/pmc/pmc.o
                0x00401218                pmc_enable_periph_clk
 .text.ioport_set_pin_mode
                0x00401258       0x64 src/ASF/common/boards/user_board/init.o
 .text.board_init
                0x004012bc       0xac src/ASF/common/boards/user_board/init.o
                0x004012bc                board_init
 .text.Dummy_Handler
                0x00401368        0x2 src/ASF/sam/utils/cmsis/sam4e/source/templates/exceptions.o
                0x00401368                DACC_Handler
                0x00401368                DebugMon_Handler
                0x00401368                DMAC_Handler
                0x00401368                HardFault_Handler
                0x00401368                SPI_Handler
                0x00401368                SysTick_Handler
                0x00401368                TWI1_Handler
                0x00401368                PendSV_Handler
                0x00401368                NMI_Handler
                0x00401368                TC7_Handler
                0x00401368                SMC_Handler
                0x00401368                USART0_Handler
                0x00401368                RTT_Handler
                0x00401368                PIOB_Handler
                0x00401368                RTC_Handler
                0x00401368                UsageFault_Handler
                0x00401368                TC6_Handler
                0x00401368                WDT_Handler
                0x00401368                TC4_Handler
                0x00401368                HSMCI_Handler
                0x00401368                UART1_Handler
                0x00401368                TC3_Handler
                0x00401368                ARM_Handler
                0x00401368                Dummy_Handler
                0x00401368                TWI0_Handler
                0x00401368                USART1_Handler
                0x00401368                PIOA_Handler
                0x00401368                ACC_Handler
                0x00401368                PMC_Handler
                0x00401368                PWM_Handler
                0x00401368                GMAC_Handler
                0x00401368                CAN1_Handler
                0x00401368                MemManage_Handler
                0x00401368                SUPC_Handler
                0x00401368                SVC_Handler
                0x00401368                TC8_Handler
                0x00401368                EFC_Handler
                0x00401368                PIOE_Handler
                0x00401368                PIOD_Handler
                0x00401368                UART0_Handler
                0x00401368                PIOC_Handler
                0x00401368                UDP_Handler
                0x00401368                BusFault_Handler
                0x00401368                RSTC_Handler
                0x00401368                TC5_Handler
                0x00401368                AES_Handler
 *fill*         0x0040136a        0x2 
 .text.Reset_Handler
                0x0040136c       0xa4 src/ASF/sam/utils/cmsis/sam4e/source/templates/gcc/startup_sam4e.o
                0x0040136c                Reset_Handler
 .text.SystemCoreClockUpdate
                0x00401410       0xc8 src/ASF/sam/utils/cmsis/sam4e/source/templates/system_sam4e.o
                0x00401410                SystemCoreClockUpdate
 .text.system_init_flash
                0x004014d8       0x64 src/ASF/sam/utils/cmsis/sam4e/source/templates/system_sam4e.o
                0x004014d8                system_init_flash
 .text.startup.main
                0x0040153c       0x54 src/main.o
                0x0040153c                main
 .text.TC0_Handler
                0x00401590       0x48 src/main.o
                0x00401590                TC0_Handler
 .text.TC1_Handler
                0x004015d8       0x38 src/main.o
                0x004015d8                TC1_Handler
 .text.TC2_Handler
                0x00401610       0x54 src/main.o
                0x00401610                TC2_Handler
 .text.__libc_init_array
                0x00401664       0x50 c:/program files (x86)/atmel/studio/7.0/toolchain/arm/arm-gnu-toolchain/bin/../lib/gcc/arm-none-eabi/6.2.1/../../../../arm-none-eabi/lib/thumb/v7e-m\libc.a(lib_a-init.o)
                0x00401664                __libc_init_array
 .text.startup.register_fini
                0x004016b4       0x14 c:/program files (x86)/atmel/studio/7.0/toolchain/arm/arm-gnu-toolchain/bin/../lib/gcc/arm-none-eabi/6.2.1/../../../../arm-none-eabi/lib/thumb/v7e-m\libc.a(lib_a-__call_atexit.o)
 .text.atexit   0x004016c8        0xc c:/program files (x86)/atmel/studio/7.0/toolchain/arm/arm-gnu-toolchain/bin/../lib/gcc/arm-none-eabi/6.2.1/../../../../arm-none-eabi/lib/thumb/v7e-m\libc.a(lib_a-atexit.o)
                0x004016c8                atexit
 .text.__libc_fini_array
                0x004016d4       0x34 c:/program files (x86)/atmel/studio/7.0/toolchain/arm/arm-gnu-toolchain/bin/../lib/gcc/arm-none-eabi/6.2.1/../../../../arm-none-eabi/lib/thumb/v7e-m\libc.a(lib_a-fini.o)
                0x004016d4                __libc_fini_array
 .text.__register_exitproc
                0x00401708       0xa4 c:/program files (x86)/atmel/studio/7.0/toolchain/arm/arm-gnu-toolchain/bin/../lib/gcc/arm-none-eabi/6.2.1/../../../../arm-none-eabi/lib/thumb/v7e-m\libc.a(lib_a-__atexit.o)
                0x00401708                __register_exitproc
 *(.glue_7t)
 .glue_7t       0x004017ac        0x0 linker stubs
 *(.glue_7)
 .glue_7        0x004017ac        0x0 linker stubs
 *(.rodata .rodata* .gnu.linkonce.r.*)
 .rodata.can_bit_time
                0x004017ac       0x6c src/ASF/sam/drivers/can/can.o
                0x004017ac                can_bit_time
 .rodata.PDU_AFEC_channel_list
                0x00401818       0x14 src/PDU.o
 .rodata.PDU_AFEC_channel_offset
                0x0040182c       0x28 src/PDU.o
 .rodata.PDU_TC_DESIRED_HZ
                0x00401854        0xc src/PDU.o
 .rodata.PDU_TC_IRQ
                0x00401860        0x3 src/PDU.o
 *fill*         0x00401863        0x1 
 .rodata.curr_limits
                0x00401864       0x28 src/PDU.o
 .rodata.state_id
                0x0040188c        0x5 src/PDU.o
 *fill*         0x00401891        0x3 
 .rodata._global_impure_ptr
                0x00401894        0x4 c:/program files (x86)/atmel/studio/7.0/toolchain/arm/arm-gnu-toolchain/bin/../lib/gcc/arm-none-eabi/6.2.1/../../../../arm-none-eabi/lib/thumb/v7e-m\libc.a(lib_a-impure.o)
                0x00401894                _global_impure_ptr
 *(.ARM.extab* .gnu.linkonce.armextab.*)
                0x00401898                . = ALIGN (0x4)
 *(.init)
 .init          0x00401898        0x4 c:/program files (x86)/atmel/studio/7.0/toolchain/arm/arm-gnu-toolchain/bin/../lib/gcc/arm-none-eabi/6.2.1/thumb/v7e-m/crti.o
                0x00401898                _init
 .init          0x0040189c        0x8 c:/program files (x86)/atmel/studio/7.0/toolchain/arm/arm-gnu-toolchain/bin/../lib/gcc/arm-none-eabi/6.2.1/thumb/v7e-m/crtn.o
                0x004018a4                . = ALIGN (0x4)
                0x004018a4                __preinit_array_start = .
 *(.preinit_array)
                0x004018a4                __preinit_array_end = .
                0x004018a4                . = ALIGN (0x4)
                0x004018a4                __init_array_start = .
 *(SORT(.init_array.*))
 .init_array.00000
                0x004018a4        0x4 c:/program files (x86)/atmel/studio/7.0/toolchain/arm/arm-gnu-toolchain/bin/../lib/gcc/arm-none-eabi/6.2.1/../../../../arm-none-eabi/lib/thumb/v7e-m\libc.a(lib_a-__call_atexit.o)
 *(.init_array)
 .init_array    0x004018a8        0x4 c:/program files (x86)/atmel/studio/7.0/toolchain/arm/arm-gnu-toolchain/bin/../lib/gcc/arm-none-eabi/6.2.1/thumb/v7e-m/crtbegin.o
                0x004018ac                __init_array_end = .
                0x004018ac                . = ALIGN (0x4)
 *crtbegin.o(.ctors)
 *(EXCLUDE_FILE(*crtend.o) .ctors)
 *(SORT(.ctors.*))
 *crtend.o(.ctors)
                0x004018ac                . = ALIGN (0x4)
 *(.fini)
 .fini          0x004018ac        0x4 c:/program files (x86)/atmel/studio/7.0/toolchain/arm/arm-gnu-toolchain/bin/../lib/gcc/arm-none-eabi/6.2.1/thumb/v7e-m/crti.o
                0x004018ac                _fini
 .fini          0x004018b0        0x8 c:/program files (x86)/atmel/studio/7.0/toolchain/arm/arm-gnu-toolchain/bin/../lib/gcc/arm-none-eabi/6.2.1/thumb/v7e-m/crtn.o
                0x004018b8                . = ALIGN (0x4)
                0x004018b8                __fini_array_start = .
 *(.fini_array)
 .fini_array    0x004018b8        0x4 c:/program files (x86)/atmel/studio/7.0/toolchain/arm/arm-gnu-toolchain/bin/../lib/gcc/arm-none-eabi/6.2.1/thumb/v7e-m/crtbegin.o
 *(SORT(.fini_array.*))
                0x004018bc                __fini_array_end = .
 *crtbegin.o(.dtors)
 *(EXCLUDE_FILE(*crtend.o) .dtors)
 *(SORT(.dtors.*))
 *crtend.o(.dtors)
                0x004018bc                . = ALIGN (0x4)
                0x004018bc                _efixed = .
                [!provide]                PROVIDE (__exidx_start, .)

.vfp11_veneer   0x004018bc        0x0
 .vfp11_veneer  0x004018bc        0x0 linker stubs

.v4_bx          0x004018bc        0x0
 .v4_bx         0x004018bc        0x0 linker stubs

.iplt           0x004018bc        0x0
 .iplt          0x004018bc        0x0 c:/program files (x86)/atmel/studio/7.0/toolchain/arm/arm-gnu-toolchain/bin/../lib/gcc/arm-none-eabi/6.2.1/thumb/v7e-m/crtbegin.o

.eh_frame       0x004018bc        0x0
 .eh_frame      0x004018bc        0x0 c:/program files (x86)/atmel/studio/7.0/toolchain/arm/arm-gnu-toolchain/bin/../lib/gcc/arm-none-eabi/6.2.1/thumb/v7e-m/crtbegin.o

.rel.dyn        0x004018bc        0x0
 .rel.iplt      0x004018bc        0x0 c:/program files (x86)/atmel/studio/7.0/toolchain/arm/arm-gnu-toolchain/bin/../lib/gcc/arm-none-eabi/6.2.1/thumb/v7e-m/crtbegin.o

.jcr            0x004018bc        0x0
 .jcr           0x004018bc        0x0 c:/program files (x86)/atmel/studio/7.0/toolchain/arm/arm-gnu-toolchain/bin/../lib/gcc/arm-none-eabi/6.2.1/thumb/v7e-m/crtbegin.o

.igot.plt       0x004018bc        0x0
 .igot.plt      0x004018bc        0x0 c:/program files (x86)/atmel/studio/7.0/toolchain/arm/arm-gnu-toolchain/bin/../lib/gcc/arm-none-eabi/6.2.1/thumb/v7e-m/crtbegin.o

.ARM.exidx
 *(.ARM.exidx* .gnu.linkonce.armexidx.*)
                [!provide]                PROVIDE (__exidx_end, .)
                0x004018bc                . = ALIGN (0x4)
                0x004018bc                _etext = .

.relocate       0x20000000      0x440 load address 0x004018bc
                0x20000000                . = ALIGN (0x4)
                0x20000000                _srelocate = .
 *(.ramfunc .ramfunc.*)
 .ramfunc       0x20000000        0xa src/ASF/common/services/delay/sam/cycle_counter.o
                0x20000000                portable_delay_cycles
 *(.data .data.*)
 .data.g_interrupt_enabled
                0x2000000a        0x1 src/ASF/common/utils/interrupt/interrupt_sam_nvic.o
                0x2000000a                g_interrupt_enabled
 *fill*         0x2000000b        0x1 
 .data.SystemCoreClock
                0x2000000c        0x4 src/ASF/sam/utils/cmsis/sam4e/source/templates/system_sam4e.o
                0x2000000c                SystemCoreClock
 .data.enable_mask
                0x20000010        0x4 src/main.o
                0x20000010                enable_mask
 *fill*         0x20000014        0x4 
 .data.impure_data
                0x20000018      0x428 c:/program files (x86)/atmel/studio/7.0/toolchain/arm/arm-gnu-toolchain/bin/../lib/gcc/arm-none-eabi/6.2.1/../../../../arm-none-eabi/lib/thumb/v7e-m\libc.a(lib_a-impure.o)
                0x20000440                . = ALIGN (0x4)
                0x20000440                _erelocate = .

.bss            0x20000440      0x324 load address 0x00401cfc
                0x20000440                . = ALIGN (0x4)
                0x20000440                _sbss = .
                0x20000440                _szero = .
 *(.bss .bss.*)
 .bss           0x20000440       0x1c c:/program files (x86)/atmel/studio/7.0/toolchain/arm/arm-gnu-toolchain/bin/../lib/gcc/arm-none-eabi/6.2.1/thumb/v7e-m/crtbegin.o
 .bss.PDU       0x2000045c        0x6 src/main.o
                0x2000045c                PDU
 *fill*         0x20000462        0x2 
 .bss.error_mask
                0x20000464        0x4 src/main.o
                0x20000464                error_mask
 .bss.g_recv_timeout_cnt
                0x20000468        0x4 src/main.o
                0x20000468                g_recv_timeout_cnt
 .bss.g_tx_status
                0x2000046c        0x1 src/main.o
                0x2000046c                g_tx_status
 .bss.g_ul_recv_status
                0x2000046d        0x1 src/main.o
                0x2000046d                g_ul_recv_status
 *fill*         0x2000046e        0x2 
 .bss.soft_restart_mask
                0x20000470        0x4 src/main.o
                0x20000470                soft_restart_mask
 .bss.ul_sysclk
                0x20000474        0x4 src/main.o
                0x20000474                ul_sysclk
 .bss.update_outputs
                0x20000478        0x1 src/main.o
                0x20000478                update_outputs
 *fill*         0x20000479        0x3 
 .bss.vehicle   0x2000047c        0x8 src/main.o
                0x2000047c                vehicle
 *(COMMON)
 COMMON         0x20000484      0x120 src/CAN/can_routines.o
                0x20000484                afec_ch_cfg
                0x20000488                afec_cfg
                0x200004a4                can_mailbox
 COMMON         0x200005a4        0x6 src/ASF/common/services/sleepmgr/sam/sleepmgr.o
                0x200005a4                sleepmgr_locks
 *fill*         0x200005aa        0x2 
 COMMON         0x200005ac       0xb8 src/ASF/sam/drivers/afec/afec.o
                0x200005ac                afec_callback_pointer
 COMMON         0x20000664      0x100 src/main.o
                0x20000664                outputs
                0x20000764                . = ALIGN (0x4)
                0x20000764                _ebss = .
                0x20000764                _ezero = .

.stack          0x20000764     0x3004 load address 0x00402020
                0x20000768                . = ALIGN (0x8)
 *fill*         0x20000764        0x4 
                0x20000768                _sstack = .
                0x20003768                . = (. + __stack_size__)
 *fill*         0x20000768     0x3000 
                0x20003768                . = ALIGN (0x8)
                0x20003768                _estack = .
                0x20003768                . = ALIGN (0x4)
                0x20003768                _end = .
OUTPUT(PDU_ver1.0.elf elf32-littlearm)

.ARM.attributes
                0x00000000       0x2e
 .ARM.attributes
                0x00000000       0x1e c:/program files (x86)/atmel/studio/7.0/toolchain/arm/arm-gnu-toolchain/bin/../lib/gcc/arm-none-eabi/6.2.1/thumb/v7e-m/crti.o
 .ARM.attributes
                0x0000001e       0x2e c:/program files (x86)/atmel/studio/7.0/toolchain/arm/arm-gnu-toolchain/bin/../lib/gcc/arm-none-eabi/6.2.1/thumb/v7e-m/crtbegin.o
 .ARM.attributes
                0x0000004c       0x37 src/ASF/sam/drivers/can/can.o
 .ARM.attributes
                0x00000083       0x37 src/ASF/sam/drivers/tc/tc.o
 .ARM.attributes
                0x000000ba       0x37 src/CAN/can_routines.o
 .ARM.attributes
                0x000000f1       0x37 src/PDU.o
 .ARM.attributes
                0x00000128       0x37 src/ASF/common/services/delay/sam/cycle_counter.o
 .ARM.attributes
                0x0000015f       0x37 src/ASF/common/services/sleepmgr/sam/sleepmgr.o
 .ARM.attributes
                0x00000196       0x37 src/ASF/common/services/clock/sam4e/sysclk.o
 .ARM.attributes
                0x000001cd       0x37 src/ASF/sam/drivers/afec/afec.o
 .ARM.attributes
                0x00000204       0x37 src/ASF/sam/drivers/pmc/pmc.o
 .ARM.attributes
                0x0000023b       0x37 src/ASF/common/boards/user_board/init.o
 .ARM.attributes
                0x00000272       0x37 src/ASF/common/utils/interrupt/interrupt_sam_nvic.o
 .ARM.attributes
                0x000002a9       0x37 src/ASF/sam/utils/cmsis/sam4e/source/templates/exceptions.o
 .ARM.attributes
                0x000002e0       0x37 src/ASF/sam/utils/cmsis/sam4e/source/templates/gcc/startup_sam4e.o
 .ARM.attributes
                0x00000317       0x37 src/ASF/sam/utils/cmsis/sam4e/source/templates/system_sam4e.o
 .ARM.attributes
                0x0000034e       0x37 src/main.o
 .ARM.attributes
                0x00000385       0x2e c:/program files (x86)/atmel/studio/7.0/toolchain/arm/arm-gnu-toolchain/bin/../lib/gcc/arm-none-eabi/6.2.1/../../../../arm-none-eabi/lib/thumb/v7e-m\libc.a(lib_a-impure.o)
 .ARM.attributes
                0x000003b3       0x2e c:/program files (x86)/atmel/studio/7.0/toolchain/arm/arm-gnu-toolchain/bin/../lib/gcc/arm-none-eabi/6.2.1/../../../../arm-none-eabi/lib/thumb/v7e-m\libc.a(lib_a-init.o)
 .ARM.attributes
                0x000003e1       0x2e c:/program files (x86)/atmel/studio/7.0/toolchain/arm/arm-gnu-toolchain/bin/../lib/gcc/arm-none-eabi/6.2.1/../../../../arm-none-eabi/lib/thumb/v7e-m\libc.a(lib_a-__call_atexit.o)
 .ARM.attributes
                0x0000040f       0x2e c:/program files (x86)/atmel/studio/7.0/toolchain/arm/arm-gnu-toolchain/bin/../lib/gcc/arm-none-eabi/6.2.1/../../../../arm-none-eabi/lib/thumb/v7e-m\libc.a(lib_a-atexit.o)
 .ARM.attributes
                0x0000043d       0x2e c:/program files (x86)/atmel/studio/7.0/toolchain/arm/arm-gnu-toolchain/bin/../lib/gcc/arm-none-eabi/6.2.1/../../../../arm-none-eabi/lib/thumb/v7e-m\libc.a(lib_a-fini.o)
 .ARM.attributes
                0x0000046b       0x2e c:/program files (x86)/atmel/studio/7.0/toolchain/arm/arm-gnu-toolchain/bin/../lib/gcc/arm-none-eabi/6.2.1/../../../../arm-none-eabi/lib/thumb/v7e-m\libc.a(lib_a-__atexit.o)
 .ARM.attributes
                0x00000499       0x1e c:/program files (x86)/atmel/studio/7.0/toolchain/arm/arm-gnu-toolchain/bin/../lib/gcc/arm-none-eabi/6.2.1/thumb/v7e-m/crtn.o

.comment        0x00000000       0x59
 .comment       0x00000000       0x59 src/ASF/sam/drivers/can/can.o
                                 0x5a (size before relaxing)
 .comment       0x00000059       0x5a src/ASF/sam/drivers/tc/tc.o
 .comment       0x00000059       0x5a src/CAN/can_routines.o
 .comment       0x00000059       0x5a src/PDU.o
 .comment       0x00000059       0x5a src/ASF/common/services/delay/sam/cycle_counter.o
 .comment       0x00000059       0x5a src/ASF/common/services/sleepmgr/sam/sleepmgr.o
 .comment       0x00000059       0x5a src/ASF/common/services/clock/sam4e/sysclk.o
 .comment       0x00000059       0x5a src/ASF/sam/drivers/afec/afec.o
 .comment       0x00000059       0x5a src/ASF/sam/drivers/pmc/pmc.o
 .comment       0x00000059       0x5a src/ASF/common/boards/user_board/init.o
 .comment       0x00000059       0x5a src/ASF/common/utils/interrupt/interrupt_sam_nvic.o
 .comment       0x00000059       0x5a src/ASF/sam/utils/cmsis/sam4e/source/templates/exceptions.o
 .comment       0x00000059       0x5a src/ASF/sam/utils/cmsis/sam4e/source/templates/gcc/startup_sam4e.o
 .comment       0x00000059       0x5a src/ASF/sam/utils/cmsis/sam4e/source/templates/system_sam4e.o
 .comment       0x00000059       0x5a src/main.o

.debug_frame    0x00000000      0x104
 .debug_frame   0x00000000       0x2c c:/program files (x86)/atmel/studio/7.0/toolchain/arm/arm-gnu-toolchain/bin/../lib/gcc/arm-none-eabi/6.2.1/../../../../arm-none-eabi/lib/thumb/v7e-m\libc.a(lib_a-init.o)
 .debug_frame   0x0000002c       0x50 c:/program files (x86)/atmel/studio/7.0/toolchain/arm/arm-gnu-toolchain/bin/../lib/gcc/arm-none-eabi/6.2.1/../../../../arm-none-eabi/lib/thumb/v7e-m\libc.a(lib_a-__call_atexit.o)
 .debug_frame   0x0000007c       0x20 c:/program files (x86)/atmel/studio/7.0/toolchain/arm/arm-gnu-toolchain/bin/../lib/gcc/arm-none-eabi/6.2.1/../../../../arm-none-eabi/lib/thumb/v7e-m\libc.a(lib_a-atexit.o)
 .debug_frame   0x0000009c       0x34 c:/program files (x86)/atmel/studio/7.0/toolchain/arm/arm-gnu-toolchain/bin/../lib/gcc/arm-none-eabi/6.2.1/../../../../arm-none-eabi/lib/thumb/v7e-m\libc.a(lib_a-fini.o)
 .debug_frame   0x000000d0       0x34 c:/program files (x86)/atmel/studio/7.0/toolchain/arm/arm-gnu-toolchain/bin/../lib/gcc/arm-none-eabi/6.2.1/../../../../arm-none-eabi/lib/thumb/v7e-m\libc.a(lib_a-__atexit.o)

Cross Reference Table

Symbol                                            File
ACC_Handler                                       src/ASF/sam/utils/cmsis/sam4e/source/templates/exceptions.o
                                                  src/ASF/sam/utils/cmsis/sam4e/source/templates/gcc/startup_sam4e.o
AES_Handler                                       src/ASF/sam/utils/cmsis/sam4e/source/templates/exceptions.o
                                                  src/ASF/sam/utils/cmsis/sam4e/source/templates/gcc/startup_sam4e.o
AFEC0_Handler                                     src/ASF/sam/drivers/afec/afec.o
                                                  src/ASF/sam/utils/cmsis/sam4e/source/templates/gcc/startup_sam4e.o
AFEC1_Handler                                     src/ASF/sam/drivers/afec/afec.o
                                                  src/ASF/sam/utils/cmsis/sam4e/source/templates/gcc/startup_sam4e.o
ARM_Handler                                       src/ASF/sam/utils/cmsis/sam4e/source/templates/exceptions.o
                                                  src/ASF/sam/utils/cmsis/sam4e/source/templates/gcc/startup_sam4e.o
BusFault_Handler                                  src/ASF/sam/utils/cmsis/sam4e/source/templates/exceptions.o
                                                  src/ASF/sam/utils/cmsis/sam4e/source/templates/gcc/startup_sam4e.o
CAN0_Handler                                      src/PDU.o
                                                  src/ASF/sam/utils/cmsis/sam4e/source/templates/gcc/startup_sam4e.o
CAN1_Handler                                      src/ASF/sam/utils/cmsis/sam4e/source/templates/exceptions.o
                                                  src/ASF/sam/utils/cmsis/sam4e/source/templates/gcc/startup_sam4e.o
DACC_Handler                                      src/ASF/sam/utils/cmsis/sam4e/source/templates/exceptions.o
                                                  src/ASF/sam/utils/cmsis/sam4e/source/templates/gcc/startup_sam4e.o
DMAC_Handler                                      src/ASF/sam/utils/cmsis/sam4e/source/templates/exceptions.o
                                                  src/ASF/sam/utils/cmsis/sam4e/source/templates/gcc/startup_sam4e.o
DebugMon_Handler                                  src/ASF/sam/utils/cmsis/sam4e/source/templates/exceptions.o
                                                  src/ASF/sam/utils/cmsis/sam4e/source/templates/gcc/startup_sam4e.o
Dummy_Handler                                     src/ASF/sam/utils/cmsis/sam4e/source/templates/exceptions.o
                                                  src/ASF/sam/utils/cmsis/sam4e/source/templates/gcc/startup_sam4e.o
ECU_timeout_callback                              src/PDU.o
                                                  src/main.o
EFC_Handler                                       src/ASF/sam/utils/cmsis/sam4e/source/templates/exceptions.o
                                                  src/ASF/sam/utils/cmsis/sam4e/source/templates/gcc/startup_sam4e.o
GMAC_Handler                                      src/ASF/sam/utils/cmsis/sam4e/source/templates/exceptions.o
                                                  src/ASF/sam/utils/cmsis/sam4e/source/templates/gcc/startup_sam4e.o
HSMCI_Handler                                     src/ASF/sam/utils/cmsis/sam4e/source/templates/exceptions.o
                                                  src/ASF/sam/utils/cmsis/sam4e/source/templates/gcc/startup_sam4e.o
HardFault_Handler                                 src/ASF/sam/utils/cmsis/sam4e/source/templates/exceptions.o
                                                  src/ASF/sam/utils/cmsis/sam4e/source/templates/gcc/startup_sam4e.o
MemManage_Handler                                 src/ASF/sam/utils/cmsis/sam4e/source/templates/exceptions.o
                                                  src/ASF/sam/utils/cmsis/sam4e/source/templates/gcc/startup_sam4e.o
NMI_Handler                                       src/ASF/sam/utils/cmsis/sam4e/source/templates/exceptions.o
                                                  src/ASF/sam/utils/cmsis/sam4e/source/templates/gcc/startup_sam4e.o
PDU                                               src/main.o
                                                  src/PDU.o
                                                  src/CAN/can_routines.o
PDU_ALL_CHANNELS                                  src/PDU.o
PDU_transmit_callback                             src/PDU.o
                                                  src/main.o
PIOA_Handler                                      src/ASF/sam/utils/cmsis/sam4e/source/templates/exceptions.o
                                                  src/ASF/sam/utils/cmsis/sam4e/source/templates/gcc/startup_sam4e.o
PIOB_Handler                                      src/ASF/sam/utils/cmsis/sam4e/source/templates/exceptions.o
                                                  src/ASF/sam/utils/cmsis/sam4e/source/templates/gcc/startup_sam4e.o
PIOC_Handler                                      src/ASF/sam/utils/cmsis/sam4e/source/templates/exceptions.o
                                                  src/ASF/sam/utils/cmsis/sam4e/source/templates/gcc/startup_sam4e.o
PIOD_Handler                                      src/ASF/sam/utils/cmsis/sam4e/source/templates/exceptions.o
                                                  src/ASF/sam/utils/cmsis/sam4e/source/templates/gcc/startup_sam4e.o
PIOE_Handler                                      src/ASF/sam/utils/cmsis/sam4e/source/templates/exceptions.o
                                                  src/ASF/sam/utils/cmsis/sam4e/source/templates/gcc/startup_sam4e.o
PMC_Handler                                       src/ASF/sam/utils/cmsis/sam4e/source/templates/exceptions.o
                                                  src/ASF/sam/utils/cmsis/sam4e/source/templates/gcc/startup_sam4e.o
PWM_Handler                                       src/ASF/sam/utils/cmsis/sam4e/source/templates/exceptions.o
                                                  src/ASF/sam/utils/cmsis/sam4e/source/templates/gcc/startup_sam4e.o
PendSV_Handler                                    src/ASF/sam/utils/cmsis/sam4e/source/templates/exceptions.o
                                                  src/ASF/sam/utils/cmsis/sam4e/source/templates/gcc/startup_sam4e.o
RSTC_Handler                                      src/ASF/sam/utils/cmsis/sam4e/source/templates/exceptions.o
                                                  src/ASF/sam/utils/cmsis/sam4e/source/templates/gcc/startup_sam4e.o
RTC_Handler                                       src/ASF/sam/utils/cmsis/sam4e/source/templates/exceptions.o
                                                  src/ASF/sam/utils/cmsis/sam4e/source/templates/gcc/startup_sam4e.o
RTT_Handler                                       src/ASF/sam/utils/cmsis/sam4e/source/templates/exceptions.o
                                                  src/ASF/sam/utils/cmsis/sam4e/source/templates/gcc/startup_sam4e.o
Reset_Handler                                     src/ASF/sam/utils/cmsis/sam4e/source/templates/gcc/startup_sam4e.o
                                                  src/ASF/sam/utils/cmsis/sam4e/source/templates/exceptions.o
SMC_Handler                                       src/ASF/sam/utils/cmsis/sam4e/source/templates/exceptions.o
SPI_Handler                                       src/ASF/sam/utils/cmsis/sam4e/source/templates/exceptions.o
                                                  src/ASF/sam/utils/cmsis/sam4e/source/templates/gcc/startup_sam4e.o
SUPC_Handler                                      src/ASF/sam/utils/cmsis/sam4e/source/templates/exceptions.o
                                                  src/ASF/sam/utils/cmsis/sam4e/source/templates/gcc/startup_sam4e.o
SVC_Handler                                       src/ASF/sam/utils/cmsis/sam4e/source/templates/exceptions.o
                                                  src/ASF/sam/utils/cmsis/sam4e/source/templates/gcc/startup_sam4e.o
SysTick_Handler                                   src/ASF/sam/utils/cmsis/sam4e/source/templates/exceptions.o
                                                  src/ASF/sam/utils/cmsis/sam4e/source/templates/gcc/startup_sam4e.o
SystemCoreClock                                   src/ASF/sam/utils/cmsis/sam4e/source/templates/system_sam4e.o
SystemCoreClockUpdate                             src/ASF/sam/utils/cmsis/sam4e/source/templates/system_sam4e.o
                                                  src/ASF/common/services/clock/sam4e/sysclk.o
SystemInit                                        src/ASF/sam/utils/cmsis/sam4e/source/templates/system_sam4e.o
TC0_Handler                                       src/main.o
                                                  src/ASF/sam/utils/cmsis/sam4e/source/templates/exceptions.o
                                                  src/ASF/sam/utils/cmsis/sam4e/source/templates/gcc/startup_sam4e.o
TC1_Handler                                       src/main.o
                                                  src/ASF/sam/utils/cmsis/sam4e/source/templates/exceptions.o
                                                  src/ASF/sam/utils/cmsis/sam4e/source/templates/gcc/startup_sam4e.o
TC2_Handler                                       src/main.o
                                                  src/ASF/sam/utils/cmsis/sam4e/source/templates/exceptions.o
                                                  src/ASF/sam/utils/cmsis/sam4e/source/templates/gcc/startup_sam4e.o
TC3_Handler                                       src/ASF/sam/utils/cmsis/sam4e/source/templates/exceptions.o
                                                  src/ASF/sam/utils/cmsis/sam4e/source/templates/gcc/startup_sam4e.o
TC4_Handler                                       src/ASF/sam/utils/cmsis/sam4e/source/templates/exceptions.o
                                                  src/ASF/sam/utils/cmsis/sam4e/source/templates/gcc/startup_sam4e.o
TC5_Handler                                       src/ASF/sam/utils/cmsis/sam4e/source/templates/exceptions.o
                                                  src/ASF/sam/utils/cmsis/sam4e/source/templates/gcc/startup_sam4e.o
TC6_Handler                                       src/ASF/sam/utils/cmsis/sam4e/source/templates/exceptions.o
                                                  src/ASF/sam/utils/cmsis/sam4e/source/templates/gcc/startup_sam4e.o
TC7_Handler                                       src/ASF/sam/utils/cmsis/sam4e/source/templates/exceptions.o
                                                  src/ASF/sam/utils/cmsis/sam4e/source/templates/gcc/startup_sam4e.o
TC8_Handler                                       src/ASF/sam/utils/cmsis/sam4e/source/templates/exceptions.o
                                                  src/ASF/sam/utils/cmsis/sam4e/source/templates/gcc/startup_sam4e.o
TWI0_Handler                                      src/ASF/sam/utils/cmsis/sam4e/source/templates/exceptions.o
                                                  src/ASF/sam/utils/cmsis/sam4e/source/templates/gcc/startup_sam4e.o
TWI1_Handler                                      src/ASF/sam/utils/cmsis/sam4e/source/templates/exceptions.o
                                                  src/ASF/sam/utils/cmsis/sam4e/source/templates/gcc/startup_sam4e.o
UART0_Handler                                     src/ASF/sam/utils/cmsis/sam4e/source/templates/exceptions.o
                                                  src/ASF/sam/utils/cmsis/sam4e/source/templates/gcc/startup_sam4e.o
UART1_Handler                                     src/ASF/sam/utils/cmsis/sam4e/source/templates/exceptions.o
                                                  src/ASF/sam/utils/cmsis/sam4e/source/templates/gcc/startup_sam4e.o
UDP_Handler                                       src/ASF/sam/utils/cmsis/sam4e/source/templates/exceptions.o
                                                  src/ASF/sam/utils/cmsis/sam4e/source/templates/gcc/startup_sam4e.o
USART0_Handler                                    src/ASF/sam/utils/cmsis/sam4e/source/templates/exceptions.o
                                                  src/ASF/sam/utils/cmsis/sam4e/source/templates/gcc/startup_sam4e.o
USART1_Handler                                    src/ASF/sam/utils/cmsis/sam4e/source/templates/exceptions.o
                                                  src/ASF/sam/utils/cmsis/sam4e/source/templates/gcc/startup_sam4e.o
UsageFault_Handler                                src/ASF/sam/utils/cmsis/sam4e/source/templates/exceptions.o
                                                  src/ASF/sam/utils/cmsis/sam4e/source/templates/gcc/startup_sam4e.o
WDT_Handler                                       src/ASF/sam/utils/cmsis/sam4e/source/templates/exceptions.o
                                                  src/ASF/sam/utils/cmsis/sam4e/source/templates/gcc/startup_sam4e.o
_Jv_RegisterClasses                               c:/program files (x86)/atmel/studio/7.0/toolchain/arm/arm-gnu-toolchain/bin/../lib/gcc/arm-none-eabi/6.2.1/thumb/v7e-m/crtbegin.o
__bss_end__                                       c:/program files (x86)/atmel/studio/7.0/toolchain/arm/arm-gnu-toolchain/bin/../lib/gcc/arm-none-eabi/6.2.1/../../../../arm-none-eabi/lib/thumb/v7e-m/crt0.o
__bss_start__                                     c:/program files (x86)/atmel/studio/7.0/toolchain/arm/arm-gnu-toolchain/bin/../lib/gcc/arm-none-eabi/6.2.1/../../../../arm-none-eabi/lib/thumb/v7e-m/crt0.o
__call_exitprocs                                  c:/program files (x86)/atmel/studio/7.0/toolchain/arm/arm-gnu-toolchain/bin/../lib/gcc/arm-none-eabi/6.2.1/../../../../arm-none-eabi/lib/thumb/v7e-m\libc.a(lib_a-__call_atexit.o)
                                                  c:/program files (x86)/atmel/studio/7.0/toolchain/arm/arm-gnu-toolchain/bin/../lib/gcc/arm-none-eabi/6.2.1/../../../../arm-none-eabi/lib/thumb/v7e-m\libc.a(lib_a-exit.o)
__deregister_frame_info                           c:/program files (x86)/atmel/studio/7.0/toolchain/arm/arm-gnu-toolchain/bin/../lib/gcc/arm-none-eabi/6.2.1/thumb/v7e-m/crtbegin.o
__dso_handle                                      c:/program files (x86)/atmel/studio/7.0/toolchain/arm/arm-gnu-toolchain/bin/../lib/gcc/arm-none-eabi/6.2.1/thumb/v7e-m/crtbegin.o
__fini_array_end                                  c:/program files (x86)/atmel/studio/7.0/toolchain/arm/arm-gnu-toolchain/bin/../lib/gcc/arm-none-eabi/6.2.1/../../../../arm-none-eabi/lib/thumb/v7e-m\libc.a(lib_a-fini.o)
__fini_array_start                                c:/program files (x86)/atmel/studio/7.0/toolchain/arm/arm-gnu-toolchain/bin/../lib/gcc/arm-none-eabi/6.2.1/../../../../arm-none-eabi/lib/thumb/v7e-m\libc.a(lib_a-fini.o)
__init_array_end                                  c:/program files (x86)/atmel/studio/7.0/toolchain/arm/arm-gnu-toolchain/bin/../lib/gcc/arm-none-eabi/6.2.1/../../../../arm-none-eabi/lib/thumb/v7e-m\libc.a(lib_a-init.o)
__init_array_start                                c:/program files (x86)/atmel/studio/7.0/toolchain/arm/arm-gnu-toolchain/bin/../lib/gcc/arm-none-eabi/6.2.1/../../../../arm-none-eabi/lib/thumb/v7e-m\libc.a(lib_a-init.o)
__libc_fini                                       c:/program files (x86)/atmel/studio/7.0/toolchain/arm/arm-gnu-toolchain/bin/../lib/gcc/arm-none-eabi/6.2.1/../../../../arm-none-eabi/lib/thumb/v7e-m\libc.a(lib_a-__call_atexit.o)
__libc_fini_array                                 c:/program files (x86)/atmel/studio/7.0/toolchain/arm/arm-gnu-toolchain/bin/../lib/gcc/arm-none-eabi/6.2.1/../../../../arm-none-eabi/lib/thumb/v7e-m\libc.a(lib_a-fini.o)
                                                  c:/program files (x86)/atmel/studio/7.0/toolchain/arm/arm-gnu-toolchain/bin/../lib/gcc/arm-none-eabi/6.2.1/../../../../arm-none-eabi/lib/thumb/v7e-m\libc.a(lib_a-__call_atexit.o)
                                                  c:/program files (x86)/atmel/studio/7.0/toolchain/arm/arm-gnu-toolchain/bin/../lib/gcc/arm-none-eabi/6.2.1/../../../../arm-none-eabi/lib/thumb/v7e-m/crt0.o
__libc_init_array                                 c:/program files (x86)/atmel/studio/7.0/toolchain/arm/arm-gnu-toolchain/bin/../lib/gcc/arm-none-eabi/6.2.1/../../../../arm-none-eabi/lib/thumb/v7e-m\libc.a(lib_a-init.o)
                                                  src/ASF/sam/utils/cmsis/sam4e/source/templates/gcc/startup_sam4e.o
                                                  c:/program files (x86)/atmel/studio/7.0/toolchain/arm/arm-gnu-toolchain/bin/../lib/gcc/arm-none-eabi/6.2.1/../../../../arm-none-eabi/lib/thumb/v7e-m/crt0.o
__preinit_array_end                               c:/program files (x86)/atmel/studio/7.0/toolchain/arm/arm-gnu-toolchain/bin/../lib/gcc/arm-none-eabi/6.2.1/../../../../arm-none-eabi/lib/thumb/v7e-m\libc.a(lib_a-init.o)
__preinit_array_start                             c:/program files (x86)/atmel/studio/7.0/toolchain/arm/arm-gnu-toolchain/bin/../lib/gcc/arm-none-eabi/6.2.1/../../../../arm-none-eabi/lib/thumb/v7e-m\libc.a(lib_a-init.o)
__ram_end__                                       src/ASF/sam/utils/syscalls/gcc/syscalls.o
__register_exitproc                               c:/program files (x86)/atmel/studio/7.0/toolchain/arm/arm-gnu-toolchain/bin/../lib/gcc/arm-none-eabi/6.2.1/../../../../arm-none-eabi/lib/thumb/v7e-m\libc.a(lib_a-__atexit.o)
                                                  c:/program files (x86)/atmel/studio/7.0/toolchain/arm/arm-gnu-toolchain/bin/../lib/gcc/arm-none-eabi/6.2.1/../../../../arm-none-eabi/lib/thumb/v7e-m\libc.a(lib_a-atexit.o)
__register_frame_info                             c:/program files (x86)/atmel/studio/7.0/toolchain/arm/arm-gnu-toolchain/bin/../lib/gcc/arm-none-eabi/6.2.1/thumb/v7e-m/crtbegin.o
__stack                                           c:/program files (x86)/atmel/studio/7.0/toolchain/arm/arm-gnu-toolchain/bin/../lib/gcc/arm-none-eabi/6.2.1/../../../../arm-none-eabi/lib/thumb/v7e-m/crt0.o
_close                                            src/ASF/sam/utils/syscalls/gcc/syscalls.o
_end                                              src/ASF/sam/utils/syscalls/gcc/syscalls.o
_erelocate                                        src/ASF/sam/utils/cmsis/sam4e/source/templates/gcc/startup_sam4e.o
_estack                                           src/ASF/sam/utils/cmsis/sam4e/source/templates/gcc/startup_sam4e.o
_etext                                            src/ASF/sam/utils/cmsis/sam4e/source/templates/gcc/startup_sam4e.o
_exit                                             src/ASF/sam/utils/syscalls/gcc/syscalls.o
                                                  c:/program files (x86)/atmel/studio/7.0/toolchain/arm/arm-gnu-toolchain/bin/../lib/gcc/arm-none-eabi/6.2.1/../../../../arm-none-eabi/lib/thumb/v7e-m\libc.a(lib_a-exit.o)
_ezero                                            src/ASF/sam/utils/cmsis/sam4e/source/templates/gcc/startup_sam4e.o
_fini                                             c:/program files (x86)/atmel/studio/7.0/toolchain/arm/arm-gnu-toolchain/bin/../lib/gcc/arm-none-eabi/6.2.1/thumb/v7e-m/crti.o
                                                  c:/program files (x86)/atmel/studio/7.0/toolchain/arm/arm-gnu-toolchain/bin/../lib/gcc/arm-none-eabi/6.2.1/../../../../arm-none-eabi/lib/thumb/v7e-m\libc.a(lib_a-fini.o)
_fstat                                            src/ASF/sam/utils/syscalls/gcc/syscalls.o
_getpid                                           src/ASF/sam/utils/syscalls/gcc/syscalls.o
_global_impure_ptr                                c:/program files (x86)/atmel/studio/7.0/toolchain/arm/arm-gnu-toolchain/bin/../lib/gcc/arm-none-eabi/6.2.1/../../../../arm-none-eabi/lib/thumb/v7e-m\libc.a(lib_a-impure.o)
                                                  c:/program files (x86)/atmel/studio/7.0/toolchain/arm/arm-gnu-toolchain/bin/../lib/gcc/arm-none-eabi/6.2.1/../../../../arm-none-eabi/lib/thumb/v7e-m\libc.a(lib_a-__atexit.o)
                                                  c:/program files (x86)/atmel/studio/7.0/toolchain/arm/arm-gnu-toolchain/bin/../lib/gcc/arm-none-eabi/6.2.1/../../../../arm-none-eabi/lib/thumb/v7e-m\libc.a(lib_a-__call_atexit.o)
                                                  c:/program files (x86)/atmel/studio/7.0/toolchain/arm/arm-gnu-toolchain/bin/../lib/gcc/arm-none-eabi/6.2.1/../../../../arm-none-eabi/lib/thumb/v7e-m\libc.a(lib_a-exit.o)
_impure_ptr                                       c:/program files (x86)/atmel/studio/7.0/toolchain/arm/arm-gnu-toolchain/bin/../lib/gcc/arm-none-eabi/6.2.1/../../../../arm-none-eabi/lib/thumb/v7e-m\libc.a(lib_a-impure.o)
_init                                             c:/program files (x86)/atmel/studio/7.0/toolchain/arm/arm-gnu-toolchain/bin/../lib/gcc/arm-none-eabi/6.2.1/thumb/v7e-m/crti.o
                                                  c:/program files (x86)/atmel/studio/7.0/toolchain/arm/arm-gnu-toolchain/bin/../lib/gcc/arm-none-eabi/6.2.1/../../../../arm-none-eabi/lib/thumb/v7e-m\libc.a(lib_a-init.o)
_isatty                                           src/ASF/sam/utils/syscalls/gcc/syscalls.o
_kill                                             src/ASF/sam/utils/syscalls/gcc/syscalls.o
_lseek                                            src/ASF/sam/utils/syscalls/gcc/syscalls.o
_mainCRTStartup                                   c:/program files (x86)/atmel/studio/7.0/toolchain/arm/arm-gnu-toolchain/bin/../lib/gcc/arm-none-eabi/6.2.1/../../../../arm-none-eabi/lib/thumb/v7e-m/crt0.o
_sbrk                                             src/ASF/sam/utils/syscalls/gcc/syscalls.o
_sfixed                                           src/ASF/sam/utils/cmsis/sam4e/source/templates/gcc/startup_sam4e.o
_srelocate                                        src/ASF/sam/utils/cmsis/sam4e/source/templates/gcc/startup_sam4e.o
_start                                            c:/program files (x86)/atmel/studio/7.0/toolchain/arm/arm-gnu-toolchain/bin/../lib/gcc/arm-none-eabi/6.2.1/../../../../arm-none-eabi/lib/thumb/v7e-m/crt0.o
_szero                                            src/ASF/sam/utils/cmsis/sam4e/source/templates/gcc/startup_sam4e.o
afec_callback_pointer                             src/ASF/sam/drivers/afec/afec.o
afec_cfg                                          src/main.o
                                                  src/PDU.o
                                                  src/CAN/can_routines.o
afec_ch_cfg                                       src/main.o
                                                  src/PDU.o
                                                  src/CAN/can_routines.o
afec_ch_get_config_defaults                       src/ASF/sam/drivers/afec/afec.o
                                                  src/PDU.o
afec_ch_set_config                                src/ASF/sam/drivers/afec/afec.o
                                                  src/PDU.o
afec_configure_sequence                           src/ASF/sam/drivers/afec/afec.o
afec_disable                                      src/ASF/sam/drivers/afec/afec.o
afec_disable_interrupt                            src/ASF/sam/drivers/afec/afec.o
afec_enable                                       src/ASF/sam/drivers/afec/afec.o
                                                  src/PDU.o
afec_enable_interrupt                             src/ASF/sam/drivers/afec/afec.o
afec_get_config_defaults                          src/ASF/sam/drivers/afec/afec.o
                                                  src/PDU.o
afec_init                                         src/ASF/sam/drivers/afec/afec.o
                                                  src/PDU.o
afec_set_callback                                 src/ASF/sam/drivers/afec/afec.o
                                                  src/PDU.o
afec_set_comparison_mode                          src/ASF/sam/drivers/afec/afec.o
afec_set_power_mode                               src/ASF/sam/drivers/afec/afec.o
afec_temp_sensor_get_config_defaults              src/ASF/sam/drivers/afec/afec.o
                                                  src/PDU.o
afec_temp_sensor_set_config                       src/ASF/sam/drivers/afec/afec.o
                                                  src/PDU.o
all_off                                           src/PDU.o
atexit                                            c:/program files (x86)/atmel/studio/7.0/toolchain/arm/arm-gnu-toolchain/bin/../lib/gcc/arm-none-eabi/6.2.1/../../../../arm-none-eabi/lib/thumb/v7e-m\libc.a(lib_a-atexit.o)
                                                  c:/program files (x86)/atmel/studio/7.0/toolchain/arm/arm-gnu-toolchain/bin/../lib/gcc/arm-none-eabi/6.2.1/../../../../arm-none-eabi/lib/thumb/v7e-m\libc.a(lib_a-__call_atexit.o)
                                                  c:/program files (x86)/atmel/studio/7.0/toolchain/arm/arm-gnu-toolchain/bin/../lib/gcc/arm-none-eabi/6.2.1/../../../../arm-none-eabi/lib/thumb/v7e-m/crt0.o
board_init                                        src/ASF/common/boards/user_board/init.o
                                                  src/main.o
can_bit_time                                      src/ASF/sam/drivers/can/can.o
can_disable                                       src/ASF/sam/drivers/can/can.o
can_disable_autobaud_listen_mode                  src/ASF/sam/drivers/can/can.o
                                                  src/PDU.o
can_disable_interrupt                             src/ASF/sam/drivers/can/can.o
                                                  src/PDU.o
can_disable_low_power_mode                        src/ASF/sam/drivers/can/can.o
can_disable_overload_frame                        src/ASF/sam/drivers/can/can.o
can_disable_time_triggered_mode                   src/ASF/sam/drivers/can/can.o
can_disable_timer_freeze                          src/ASF/sam/drivers/can/can.o
can_disable_tx_repeat                             src/ASF/sam/drivers/can/can.o
can_enable                                        src/ASF/sam/drivers/can/can.o
can_enable_autobaud_listen_mode                   src/ASF/sam/drivers/can/can.o
                                                  src/PDU.o
can_enable_interrupt                              src/ASF/sam/drivers/can/can.o
                                                  src/PDU.o
can_enable_low_power_mode                         src/ASF/sam/drivers/can/can.o
can_enable_overload_frame                         src/ASF/sam/drivers/can/can.o
can_enable_time_triggered_mode                    src/ASF/sam/drivers/can/can.o
can_enable_timer_freeze                           src/ASF/sam/drivers/can/can.o
can_enable_tx_repeat                              src/ASF/sam/drivers/can/can.o
can_get_internal_timer_value                      src/ASF/sam/drivers/can/can.o
can_get_interrupt_mask                            src/ASF/sam/drivers/can/can.o
can_get_rx_error_cnt                              src/ASF/sam/drivers/can/can.o
can_get_status                                    src/ASF/sam/drivers/can/can.o
                                                  src/PDU.o
can_get_timestamp_value                           src/ASF/sam/drivers/can/can.o
can_get_tx_error_cnt                              src/ASF/sam/drivers/can/can.o
                                                  src/PDU.o
can_global_send_abort_cmd                         src/ASF/sam/drivers/can/can.o
can_global_send_transfer_cmd                      src/ASF/sam/drivers/can/can.o
can_init                                          src/ASF/sam/drivers/can/can.o
                                                  src/PDU.o
can_mailbox                                       src/main.o
                                                  src/PDU.o
                                                  src/CAN/can_routines.o
can_mailbox_get_status                            src/ASF/sam/drivers/can/can.o
                                                  src/PDU.o
can_mailbox_init                                  src/ASF/sam/drivers/can/can.o
                                                  src/PDU.o
can_mailbox_read                                  src/ASF/sam/drivers/can/can.o
                                                  src/PDU.o
can_mailbox_send_abort_cmd                        src/ASF/sam/drivers/can/can.o
can_mailbox_send_transfer_cmd                     src/ASF/sam/drivers/can/can.o
                                                  src/PDU.o
can_mailbox_set_timemark                          src/ASF/sam/drivers/can/can.o
can_mailbox_tx_remote_frame                       src/ASF/sam/drivers/can/can.o
can_mailbox_write                                 src/ASF/sam/drivers/can/can.o
                                                  src/PDU.o
can_reset_all_mailbox                             src/ASF/sam/drivers/can/can.o
can_reset_internal_timer                          src/ASF/sam/drivers/can/can.o
can_set_timestamp_capture_point                   src/ASF/sam/drivers/can/can.o
cpu_irq_enter_critical                            src/ASF/common/utils/interrupt/interrupt_sam_nvic.o
cpu_irq_leave_critical                            src/ASF/common/utils/interrupt/interrupt_sam_nvic.o
ecu_eng_data                                      src/CAN/can_routines.o
ecu_vehicle_data                                  src/CAN/can_routines.o
enable_mask                                       src/main.o
                                                  src/PDU.o
                                                  src/CAN/can_routines.o
error_mask                                        src/main.o
                                                  src/PDU.o
                                                  src/CAN/can_routines.o
exception_table                                   src/ASF/sam/utils/cmsis/sam4e/source/templates/gcc/startup_sam4e.o
exit                                              c:/program files (x86)/atmel/studio/7.0/toolchain/arm/arm-gnu-toolchain/bin/../lib/gcc/arm-none-eabi/6.2.1/../../../../arm-none-eabi/lib/thumb/v7e-m\libc.a(lib_a-exit.o)
                                                  c:/program files (x86)/atmel/studio/7.0/toolchain/arm/arm-gnu-toolchain/bin/../lib/gcc/arm-none-eabi/6.2.1/../../../../arm-none-eabi/lib/thumb/v7e-m/crt0.o
free                                              c:/program files (x86)/atmel/studio/7.0/toolchain/arm/arm-gnu-toolchain/bin/../lib/gcc/arm-none-eabi/6.2.1/../../../../arm-none-eabi/lib/thumb/v7e-m\libc.a(lib_a-__call_atexit.o)
g_interrupt_enabled                               src/ASF/common/utils/interrupt/interrupt_sam_nvic.o
                                                  src/ASF/sam/utils/cmsis/sam4e/source/templates/gcc/startup_sam4e.o
                                                  src/ASF/sam/drivers/pmc/sleep.o
                                                  src/ASF/sam/drivers/afec/afec.o
g_recv_timeout_cnt                                src/main.o
                                                  src/PDU.o
                                                  src/CAN/can_routines.o
g_tx_status                                       src/main.o
                                                  src/PDU.o
g_ul_recv_status                                  src/main.o
                                                  src/PDU.o
get_chip_temp                                     src/PDU.o
get_is                                            src/PDU.o
handle_CAN                                        src/PDU.o
hardware_init_hook                                c:/program files (x86)/atmel/studio/7.0/toolchain/arm/arm-gnu-toolchain/bin/../lib/gcc/arm-none-eabi/6.2.1/../../../../arm-none-eabi/lib/thumb/v7e-m/crt0.o
init_PDU                                          src/PDU.o
                                                  src/main.o
link                                              src/ASF/sam/utils/syscalls/gcc/syscalls.o
main                                              src/main.o
                                                  src/ASF/sam/utils/cmsis/sam4e/source/templates/gcc/startup_sam4e.o
                                                  c:/program files (x86)/atmel/studio/7.0/toolchain/arm/arm-gnu-toolchain/bin/../lib/gcc/arm-none-eabi/6.2.1/../../../../arm-none-eabi/lib/thumb/v7e-m/crt0.o
malloc                                            c:/program files (x86)/atmel/studio/7.0/toolchain/arm/arm-gnu-toolchain/bin/../lib/gcc/arm-none-eabi/6.2.1/../../../../arm-none-eabi/lib/thumb/v7e-m\libc.a(lib_a-__atexit.o)
memset                                            c:/program files (x86)/atmel/studio/7.0/toolchain/arm/arm-gnu-toolchain/bin/../lib/gcc/arm-none-eabi/6.2.1/../../../../arm-none-eabi/lib/thumb/v7e-m\libc.a(lib_a-memset.o)
                                                  c:/program files (x86)/atmel/studio/7.0/toolchain/arm/arm-gnu-toolchain/bin/../lib/gcc/arm-none-eabi/6.2.1/../../../../arm-none-eabi/lib/thumb/v7e-m/crt0.o
outputs                                           src/main.o
                                                  src/PDU.o
pmc_clr_fast_startup_input                        src/ASF/sam/drivers/pmc/pmc.o
pmc_disable_all_pck                               src/ASF/sam/drivers/pmc/pmc.o
pmc_disable_all_periph_clk                        src/ASF/sam/drivers/pmc/pmc.o
pmc_disable_clock_failure_detector                src/ASF/sam/drivers/pmc/pmc.o
pmc_disable_interrupt                             src/ASF/sam/drivers/pmc/pmc.o
pmc_disable_pck                                   src/ASF/sam/drivers/pmc/pmc.o
pmc_disable_periph_clk                            src/ASF/sam/drivers/pmc/pmc.o
                                                  src/ASF/sam/drivers/afec/afec.o
pmc_disable_pllack                                src/ASF/sam/drivers/pmc/pmc.o
                                                  src/ASF/sam/drivers/pmc/sleep.o
                                                  src/ASF/common/services/clock/sam4e/sysclk.o
pmc_disable_udpck                                 src/ASF/sam/drivers/pmc/pmc.o
                                                  src/ASF/common/services/clock/sam4e/sysclk.o
pmc_enable_all_pck                                src/ASF/sam/drivers/pmc/pmc.o
pmc_enable_all_periph_clk                         src/ASF/sam/drivers/pmc/pmc.o
pmc_enable_backupmode                             src/ASF/sam/drivers/pmc/pmc.o
pmc_enable_clock_failure_detector                 src/ASF/sam/drivers/pmc/pmc.o
pmc_enable_interrupt                              src/ASF/sam/drivers/pmc/pmc.o
pmc_enable_pck                                    src/ASF/sam/drivers/pmc/pmc.o
pmc_enable_periph_clk                             src/ASF/sam/drivers/pmc/pmc.o
                                                  src/ASF/common/boards/user_board/init.o
                                                  src/ASF/sam/drivers/afec/afec.o
pmc_enable_pllack                                 src/ASF/sam/drivers/pmc/pmc.o
pmc_enable_sleepmode                              src/ASF/sam/drivers/pmc/pmc.o
pmc_enable_udpck                                  src/ASF/sam/drivers/pmc/pmc.o
                                                  src/ASF/common/services/clock/sam4e/sysclk.o
pmc_enable_waitmode                               src/ASF/sam/drivers/pmc/pmc.o
                                                  src/ASF/sam/drivers/pmc/sleep.o
pmc_get_interrupt_mask                            src/ASF/sam/drivers/pmc/pmc.o
pmc_get_status                                    src/ASF/sam/drivers/pmc/pmc.o
pmc_get_writeprotect_status                       src/ASF/sam/drivers/pmc/pmc.o
pmc_is_locked_pllack                              src/ASF/sam/drivers/pmc/pmc.o
                                                  src/ASF/common/services/clock/sam4e/sysclk.o
pmc_is_pck_enabled                                src/ASF/sam/drivers/pmc/pmc.o
pmc_is_periph_clk_enabled                         src/ASF/sam/drivers/pmc/pmc.o
pmc_is_wakeup_clocks_restored                     src/ASF/sam/drivers/pmc/sleep.o
pmc_mainck_osc_select                             src/ASF/sam/drivers/pmc/pmc.o
pmc_mck_set_prescaler                             src/ASF/sam/drivers/pmc/pmc.o
                                                  src/ASF/common/services/clock/sam4e/sysclk.o
pmc_mck_set_source                                src/ASF/sam/drivers/pmc/pmc.o
                                                  src/ASF/common/services/clock/sam4e/sysclk.o
pmc_osc_bypass_main_xtal                          src/ASF/sam/drivers/pmc/pmc.o
pmc_osc_disable_fastrc                            src/ASF/sam/drivers/pmc/pmc.o
pmc_osc_disable_main_xtal                         src/ASF/sam/drivers/pmc/pmc.o
pmc_osc_disable_xtal                              src/ASF/sam/drivers/pmc/pmc.o
pmc_osc_enable_fastrc                             src/ASF/sam/drivers/pmc/pmc.o
pmc_osc_enable_main_xtal                          src/ASF/sam/drivers/pmc/pmc.o
pmc_osc_is_bypassed_main_xtal                     src/ASF/sam/drivers/pmc/pmc.o
pmc_osc_is_ready_32kxtal                          src/ASF/sam/drivers/pmc/pmc.o
pmc_osc_is_ready_fastrc                           src/ASF/sam/drivers/pmc/pmc.o
pmc_osc_is_ready_main_xtal                        src/ASF/sam/drivers/pmc/pmc.o
pmc_osc_is_ready_mainck                           src/ASF/sam/drivers/pmc/pmc.o
                                                  src/ASF/common/services/clock/sam4e/sysclk.o
pmc_pck_set_prescaler                             src/ASF/sam/drivers/pmc/pmc.o
pmc_pck_set_source                                src/ASF/sam/drivers/pmc/pmc.o
pmc_set_fast_startup_input                        src/ASF/sam/drivers/pmc/pmc.o
pmc_set_flash_in_wait_mode                        src/ASF/sam/drivers/pmc/pmc.o
                                                  src/ASF/sam/drivers/pmc/sleep.o
pmc_set_writeprotect                              src/ASF/sam/drivers/pmc/pmc.o
pmc_sleep                                         src/ASF/sam/drivers/pmc/sleep.o
pmc_switch_mainck_to_fastrc                       src/ASF/sam/drivers/pmc/pmc.o
                                                  src/ASF/common/services/clock/sam4e/sysclk.o
pmc_switch_mainck_to_xtal                         src/ASF/sam/drivers/pmc/pmc.o
                                                  src/ASF/common/services/clock/sam4e/sysclk.o
pmc_switch_mck_to_mainck                          src/ASF/sam/drivers/pmc/pmc.o
pmc_switch_mck_to_pllack                          src/ASF/sam/drivers/pmc/pmc.o
                                                  src/ASF/common/services/clock/sam4e/sysclk.o
pmc_switch_mck_to_sclk                            src/ASF/sam/drivers/pmc/pmc.o
pmc_switch_pck_to_mainck                          src/ASF/sam/drivers/pmc/pmc.o
pmc_switch_pck_to_mck                             src/ASF/sam/drivers/pmc/pmc.o
pmc_switch_pck_to_pllack                          src/ASF/sam/drivers/pmc/pmc.o
pmc_switch_pck_to_sclk                            src/ASF/sam/drivers/pmc/pmc.o
pmc_switch_sclk_to_32kxtal                        src/ASF/sam/drivers/pmc/pmc.o
                                                  src/ASF/common/services/clock/sam4e/sysclk.o
pmc_switch_udpck_to_pllack                        src/ASF/sam/drivers/pmc/pmc.o
                                                  src/ASF/common/services/clock/sam4e/sysclk.o
pmc_wait_wakeup_clocks_restore                    src/ASF/sam/drivers/pmc/sleep.o
portable_delay_cycles                             src/ASF/common/services/delay/sam/cycle_counter.o
                                                  src/PDU.o
rtt_disable                                       src/ASF/sam/drivers/rtt/rtt.o
rtt_disable_interrupt                             src/ASF/sam/drivers/rtt/rtt.o
rtt_enable                                        src/ASF/sam/drivers/rtt/rtt.o
rtt_enable_interrupt                              src/ASF/sam/drivers/rtt/rtt.o
rtt_get_status                                    src/ASF/sam/drivers/rtt/rtt.o
rtt_init                                          src/ASF/sam/drivers/rtt/rtt.o
rtt_read_timer_value                              src/ASF/sam/drivers/rtt/rtt.o
rtt_sel_source                                    src/ASF/sam/drivers/rtt/rtt.o
rtt_write_alarm_time                              src/ASF/sam/drivers/rtt/rtt.o
set_enable                                        src/PDU.o
                                                  src/main.o
                                                  src/CAN/can_routines.o
sleepmgr_locks                                    src/ASF/common/services/sleepmgr/sam/sleepmgr.o
                                                  src/ASF/sam/drivers/afec/afec.o
soft_restart                                      src/PDU.o
                                                  src/main.o
soft_restart_mask                                 src/main.o
software_init_hook                                c:/program files (x86)/atmel/studio/7.0/toolchain/arm/arm-gnu-toolchain/bin/../lib/gcc/arm-none-eabi/6.2.1/../../../../arm-none-eabi/lib/thumb/v7e-m/crt0.o
state_request                                     src/CAN/can_routines.o
sysclk_disable_usb                                src/ASF/common/services/clock/sam4e/sysclk.o
sysclk_enable_usb                                 src/ASF/common/services/clock/sam4e/sysclk.o
sysclk_init                                       src/ASF/common/services/clock/sam4e/sysclk.o
                                                  src/main.o
sysclk_set_prescalers                             src/ASF/common/services/clock/sam4e/sysclk.o
sysclk_set_source                                 src/ASF/common/services/clock/sam4e/sysclk.o
system_init_flash                                 src/ASF/sam/utils/cmsis/sam4e/source/templates/system_sam4e.o
                                                  src/ASF/common/services/clock/sam4e/sysclk.o
tc_disable_interrupt                              src/ASF/sam/drivers/tc/tc.o
tc_disable_qdec_interrupt                         src/ASF/sam/drivers/tc/tc.o
tc_enable_interrupt                               src/ASF/sam/drivers/tc/tc.o
                                                  src/PDU.o
tc_enable_qdec_interrupt                          src/ASF/sam/drivers/tc/tc.o
tc_find_mck_divisor                               src/ASF/sam/drivers/tc/tc.o
                                                  src/PDU.o
tc_get_interrupt_mask                             src/ASF/sam/drivers/tc/tc.o
tc_get_qdec_interrupt_mask                        src/ASF/sam/drivers/tc/tc.o
tc_get_qdec_interrupt_status                      src/ASF/sam/drivers/tc/tc.o
tc_get_status                                     src/ASF/sam/drivers/tc/tc.o
                                                  src/main.o
tc_init                                           src/ASF/sam/drivers/tc/tc.o
                                                  src/PDU.o
tc_init_2bit_gray                                 src/ASF/sam/drivers/tc/tc.o
tc_read_cv                                        src/ASF/sam/drivers/tc/tc.o
tc_read_ra                                        src/ASF/sam/drivers/tc/tc.o
tc_read_rb                                        src/ASF/sam/drivers/tc/tc.o
tc_read_rc                                        src/ASF/sam/drivers/tc/tc.o
tc_set_block_mode                                 src/ASF/sam/drivers/tc/tc.o
tc_set_writeprotect                               src/ASF/sam/drivers/tc/tc.o
tc_start                                          src/ASF/sam/drivers/tc/tc.o
                                                  src/main.o
                                                  src/PDU.o
tc_stop                                           src/ASF/sam/drivers/tc/tc.o
tc_sync_trigger                                   src/ASF/sam/drivers/tc/tc.o
tc_write_ra                                       src/ASF/sam/drivers/tc/tc.o
tc_write_rb                                       src/ASF/sam/drivers/tc/tc.o
tc_write_rc                                       src/ASF/sam/drivers/tc/tc.o
                                                  src/PDU.o
uart_disable                                      src/ASF/sam/drivers/uart/uart.o
uart_disable_interrupt                            src/ASF/sam/drivers/uart/uart.o
uart_disable_rx                                   src/ASF/sam/drivers/uart/uart.o
uart_disable_tx                                   src/ASF/sam/drivers/uart/uart.o
uart_enable                                       src/ASF/sam/drivers/uart/uart.o
uart_enable_interrupt                             src/ASF/sam/drivers/uart/uart.o
uart_enable_rx                                    src/ASF/sam/drivers/uart/uart.o
uart_enable_tx                                    src/ASF/sam/drivers/uart/uart.o
uart_get_interrupt_mask                           src/ASF/sam/drivers/uart/uart.o
uart_get_pdc_base                                 src/ASF/sam/drivers/uart/uart.o
uart_get_status                                   src/ASF/sam/drivers/uart/uart.o
uart_init                                         src/ASF/sam/drivers/uart/uart.o
uart_is_rx_buf_end                                src/ASF/sam/drivers/uart/uart.o
uart_is_rx_buf_full                               src/ASF/sam/drivers/uart/uart.o
uart_is_rx_ready                                  src/ASF/sam/drivers/uart/uart.o
uart_is_tx_buf_empty                              src/ASF/sam/drivers/uart/uart.o
uart_is_tx_buf_end                                src/ASF/sam/drivers/uart/uart.o
uart_is_tx_empty                                  src/ASF/sam/drivers/uart/uart.o
uart_is_tx_ready                                  src/ASF/sam/drivers/uart/uart.o
uart_read                                         src/ASF/sam/drivers/uart/uart.o
uart_reset                                        src/ASF/sam/drivers/uart/uart.o
uart_reset_rx                                     src/ASF/sam/drivers/uart/uart.o
uart_reset_status                                 src/ASF/sam/drivers/uart/uart.o
uart_reset_tx                                     src/ASF/sam/drivers/uart/uart.o
uart_set_clock_divisor                            src/ASF/sam/drivers/uart/uart.o
uart_write                                        src/ASF/sam/drivers/uart/uart.o
ul_sysclk                                         src/main.o
                                                  src/PDU.o
update_output_status                              src/PDU.o
                                                  src/main.o
update_outputs                                    src/main.o
vehicle                                           src/main.o
                                                  src/PDU.o
                                                  src/CAN/can_routines.o
wdt_disable                                       src/ASF/sam/drivers/wdt/wdt.o
wdt_get_status                                    src/ASF/sam/drivers/wdt/wdt.o
wdt_get_timeout_value                             src/ASF/sam/drivers/wdt/wdt.o
wdt_get_us_timeout_period                         src/ASF/sam/drivers/wdt/wdt.o
wdt_init                                          src/ASF/sam/drivers/wdt/wdt.o
wdt_restart                                       src/ASF/sam/drivers/wdt/wdt.o
