Archive member included to satisfy reference by file (symbol)

c:/program files (x86)/atmel/studio/7.0/toolchain/arm/arm-gnu-toolchain/bin/../lib/gcc/arm-none-eabi/6.2.1/../../../../arm-none-eabi/lib/thumb/v7e-m\libc.a(lib_a-exit.o)
                              c:/program files (x86)/atmel/studio/7.0/toolchain/arm/arm-gnu-toolchain/bin/../lib/gcc/arm-none-eabi/6.2.1/../../../../arm-none-eabi/lib/thumb/v7e-m/crt0.o (exit)
c:/program files (x86)/atmel/studio/7.0/toolchain/arm/arm-gnu-toolchain/bin/../lib/gcc/arm-none-eabi/6.2.1/../../../../arm-none-eabi/lib/thumb/v7e-m\libc.a(lib_a-impure.o)
                              c:/program files (x86)/atmel/studio/7.0/toolchain/arm/arm-gnu-toolchain/bin/../lib/gcc/arm-none-eabi/6.2.1/../../../../arm-none-eabi/lib/thumb/v7e-m\libc.a(lib_a-exit.o) (_global_impure_ptr)
c:/program files (x86)/atmel/studio/7.0/toolchain/arm/arm-gnu-toolchain/bin/../lib/gcc/arm-none-eabi/6.2.1/../../../../arm-none-eabi/lib/thumb/v7e-m\libc.a(lib_a-init.o)
                              c:/program files (x86)/atmel/studio/7.0/toolchain/arm/arm-gnu-toolchain/bin/../lib/gcc/arm-none-eabi/6.2.1/../../../../arm-none-eabi/lib/thumb/v7e-m/crt0.o (__libc_init_array)
c:/program files (x86)/atmel/studio/7.0/toolchain/arm/arm-gnu-toolchain/bin/../lib/gcc/arm-none-eabi/6.2.1/../../../../arm-none-eabi/lib/thumb/v7e-m\libc.a(lib_a-memset.o)
                              c:/program files (x86)/atmel/studio/7.0/toolchain/arm/arm-gnu-toolchain/bin/../lib/gcc/arm-none-eabi/6.2.1/../../../../arm-none-eabi/lib/thumb/v7e-m/crt0.o (memset)
c:/program files (x86)/atmel/studio/7.0/toolchain/arm/arm-gnu-toolchain/bin/../lib/gcc/arm-none-eabi/6.2.1/../../../../arm-none-eabi/lib/thumb/v7e-m\libc.a(lib_a-__call_atexit.o)
                              c:/program files (x86)/atmel/studio/7.0/toolchain/arm/arm-gnu-toolchain/bin/../lib/gcc/arm-none-eabi/6.2.1/../../../../arm-none-eabi/lib/thumb/v7e-m\libc.a(lib_a-exit.o) (__call_exitprocs)
c:/program files (x86)/atmel/studio/7.0/toolchain/arm/arm-gnu-toolchain/bin/../lib/gcc/arm-none-eabi/6.2.1/../../../../arm-none-eabi/lib/thumb/v7e-m\libc.a(lib_a-atexit.o)
                              c:/program files (x86)/atmel/studio/7.0/toolchain/arm/arm-gnu-toolchain/bin/../lib/gcc/arm-none-eabi/6.2.1/../../../../arm-none-eabi/lib/thumb/v7e-m\libc.a(lib_a-__call_atexit.o) (atexit)
c:/program files (x86)/atmel/studio/7.0/toolchain/arm/arm-gnu-toolchain/bin/../lib/gcc/arm-none-eabi/6.2.1/../../../../arm-none-eabi/lib/thumb/v7e-m\libc.a(lib_a-fini.o)
                              c:/program files (x86)/atmel/studio/7.0/toolchain/arm/arm-gnu-toolchain/bin/../lib/gcc/arm-none-eabi/6.2.1/../../../../arm-none-eabi/lib/thumb/v7e-m\libc.a(lib_a-__call_atexit.o) (__libc_fini_array)
c:/program files (x86)/atmel/studio/7.0/toolchain/arm/arm-gnu-toolchain/bin/../lib/gcc/arm-none-eabi/6.2.1/../../../../arm-none-eabi/lib/thumb/v7e-m\libc.a(lib_a-__atexit.o)
                              c:/program files (x86)/atmel/studio/7.0/toolchain/arm/arm-gnu-toolchain/bin/../lib/gcc/arm-none-eabi/6.2.1/../../../../arm-none-eabi/lib/thumb/v7e-m\libc.a(lib_a-atexit.o) (__register_exitproc)

Allocating common symbols
Common symbol       size              file

afec_ch_cfg         0x2               src/PDU.o
afec_cfg            0x1c              src/PDU.o
outputs             0x60              src/main.o
sleepmgr_locks      0x6               src/ASF/common/services/sleepmgr/sam/sleepmgr.o
can_mailbox         0x100             src/PDU.o
afec_callback_pointer
                    0xb8              src/ASF/sam/drivers/afec/afec.o

Discarded input sections

 .text          0x00000000        0x0 c:/program files (x86)/atmel/studio/7.0/toolchain/arm/arm-gnu-toolchain/bin/../lib/gcc/arm-none-eabi/6.2.1/thumb/v7e-m/crti.o
 .data          0x00000000        0x0 c:/program files (x86)/atmel/studio/7.0/toolchain/arm/arm-gnu-toolchain/bin/../lib/gcc/arm-none-eabi/6.2.1/thumb/v7e-m/crti.o
 .bss           0x00000000        0x0 c:/program files (x86)/atmel/studio/7.0/toolchain/arm/arm-gnu-toolchain/bin/../lib/gcc/arm-none-eabi/6.2.1/thumb/v7e-m/crti.o
 .data          0x00000000        0x4 c:/program files (x86)/atmel/studio/7.0/toolchain/arm/arm-gnu-toolchain/bin/../lib/gcc/arm-none-eabi/6.2.1/thumb/v7e-m/crtbegin.o
 .text          0x00000000       0x74 c:/program files (x86)/atmel/studio/7.0/toolchain/arm/arm-gnu-toolchain/bin/../lib/gcc/arm-none-eabi/6.2.1/../../../../arm-none-eabi/lib/thumb/v7e-m/crt0.o
 .data          0x00000000        0x0 c:/program files (x86)/atmel/studio/7.0/toolchain/arm/arm-gnu-toolchain/bin/../lib/gcc/arm-none-eabi/6.2.1/../../../../arm-none-eabi/lib/thumb/v7e-m/crt0.o
 .bss           0x00000000        0x0 c:/program files (x86)/atmel/studio/7.0/toolchain/arm/arm-gnu-toolchain/bin/../lib/gcc/arm-none-eabi/6.2.1/../../../../arm-none-eabi/lib/thumb/v7e-m/crt0.o
[...]
Memory Configuration

Name             Origin             Length             Attributes
rom              0x00400000         0x00080000         xr
ram              0x20000000         0x00020000         xrw
*default*        0x00000000         0xffffffff

Linker script and memory map

LOAD c:/program files (x86)/atmel/studio/7.0/toolchain/arm/arm-gnu-toolchain/bin/../lib/gcc/arm-none-eabi/6.2.1/thumb/v7e-m/crti.o
LOAD c:/program files (x86)/atmel/studio/7.0/toolchain/arm/arm-gnu-toolchain/bin/../lib/gcc/arm-none-eabi/6.2.1/thumb/v7e-m/crtbegin.o
LOAD c:/program files (x86)/atmel/studio/7.0/toolchain/arm/arm-gnu-toolchain/bin/../lib/gcc/arm-none-eabi/6.2.1/../../../../arm-none-eabi/lib/thumb/v7e-m/crt0.o
LOAD src/ASF/sam/drivers/can/can.o
LOAD src/ASF/sam/drivers/tc/tc.o
LOAD src/PDU.o
LOAD src/ASF/common/services/delay/sam/cycle_counter.o
LOAD src/ASF/common/services/sleepmgr/sam/sleepmgr.o
LOAD src/ASF/sam/drivers/wdt/wdt.o
LOAD src/ASF/common/services/clock/sam4e/sysclk.o
LOAD src/ASF/sam/drivers/afec/afec.o
LOAD src/ASF/sam/drivers/pmc/pmc.o
LOAD src/ASF/sam/drivers/rtt/rtt.o
LOAD src/ASF/sam/drivers/uart/uart.o
LOAD src/ASF/sam/drivers/pmc/sleep.o
LOAD src/ASF/common/boards/user_board/init.o
LOAD src/ASF/common/utils/interrupt/interrupt_sam_nvic.o
LOAD src/ASF/sam/utils/cmsis/sam4e/source/templates/exceptions.o
LOAD src/ASF/sam/utils/cmsis/sam4e/source/templates/gcc/startup_sam4e.o
LOAD src/ASF/sam/utils/cmsis/sam4e/source/templates/system_sam4e.o
LOAD src/ASF/sam/utils/syscalls/gcc/syscalls.o
LOAD src/main.o
START GROUP
LOAD ../src/ASF/thirdparty/CMSIS/Lib/GCC\libarm_cortexM4lf_math_softfp.a
LOAD c:/program files (x86)/atmel/studio/7.0/toolchain/arm/arm-gnu-toolchain/bin/../lib/gcc/arm-none-eabi/6.2.1/../../../../arm-none-eabi/lib/thumb/v7e-m\libm.a
END GROUP
START GROUP
LOAD c:/program files (x86)/atmel/studio/7.0/toolchain/arm/arm-gnu-toolchain/bin/../lib/gcc/arm-none-eabi/6.2.1/thumb/v7e-m\libgcc.a
LOAD c:/program files (x86)/atmel/studio/7.0/toolchain/arm/arm-gnu-toolchain/bin/../lib/gcc/arm-none-eabi/6.2.1/../../../../arm-none-eabi/lib/thumb/v7e-m\libc.a
END GROUP
LOAD c:/program files (x86)/atmel/studio/7.0/toolchain/arm/arm-gnu-toolchain/bin/../lib/gcc/arm-none-eabi/6.2.1/thumb/v7e-m/crtend.o
LOAD c:/program files (x86)/atmel/studio/7.0/toolchain/arm/arm-gnu-toolchain/bin/../lib/gcc/arm-none-eabi/6.2.1/thumb/v7e-m/crtn.o
                0x00003000                __stack_size__ = DEFINED (__stack_size__)?__stack_size__:0x3000
                0x2001fffc                __ram_end__ = ((ORIGIN (ram) + LENGTH (ram)) - 0x4)

.text           0x00400000     0x195c
                0x00400000                . = ALIGN (0x4)
                0x00400000                _sfixed = .
 *(.vectors .vectors.*)
 .vectors       0x00400000       0xf8 src/ASF/sam/utils/cmsis/sam4e/source/templates/gcc/startup_sam4e.o
                0x00400000                exception_table
 *(.text .text.* .gnu.linkonce.t.*)
 .text          0x004000f8       0x6c c:/program files (x86)/atmel/studio/7.0/toolchain/arm/arm-gnu-toolchain/bin/../lib/gcc/arm-none-eabi/6.2.1/thumb/v7e-m/crtbegin.o
 .text.can_disable_autobaud_listen_mode
                0x00400164        0xa src/ASF/sam/drivers/can/can.o
                0x00400164                can_disable_autobaud_listen_mode
 .text.can_enable_autobaud_listen_mode
                0x0040016e        0xa src/ASF/sam/drivers/can/can.o
                0x0040016e                can_enable_autobaud_listen_mode
 .text.can_enable_interrupt
                0x00400178        0x4 src/ASF/sam/drivers/can/can.o
                0x00400178                can_enable_interrupt
 .text.can_disable_interrupt
                0x0040017c        0x4 src/ASF/sam/drivers/can/can.o
                0x0040017c                can_disable_interrupt
 .text.can_get_status
                0x00400180        0x4 src/ASF/sam/drivers/can/can.o
                0x00400180                can_get_status
 .text.can_get_tx_error_cnt
                0x00400184        0x8 src/ASF/sam/drivers/can/can.o
                0x00400184                can_get_tx_error_cnt
 .text.can_mailbox_get_status
                0x0040018c        0xa src/ASF/sam/drivers/can/can.o
                0x0040018c                can_mailbox_get_status
 .text.can_mailbox_send_transfer_cmd
                0x00400196       0x18 src/ASF/sam/drivers/can/can.o
                0x00400196                can_mailbox_send_transfer_cmd
 .text.can_mailbox_init
                0x004001ae       0x82 src/ASF/sam/drivers/can/can.o
                0x004001ae                can_mailbox_init
 .text.can_mailbox_read
                0x00400230       0x58 src/ASF/sam/drivers/can/can.o
                0x00400230                can_mailbox_read
 .text.can_mailbox_write
                0x00400288       0x68 src/ASF/sam/drivers/can/can.o
                0x00400288                can_mailbox_write
 .text.can_reset_all_mailbox
                0x004002f0       0x24 src/ASF/sam/drivers/can/can.o
                0x004002f0                can_reset_all_mailbox
 .text.can_init
                0x00400314       0xfc src/ASF/sam/drivers/can/can.o
                0x00400314                can_init
 .text.tc_init  0x00400410       0x1a src/ASF/sam/drivers/tc/tc.o
                0x00400410                tc_init
 .text.tc_start
                0x0040042a        0x8 src/ASF/sam/drivers/tc/tc.o
                0x0040042a                tc_start
 .text.tc_write_rc
                0x00400432        0x8 src/ASF/sam/drivers/tc/tc.o
                0x00400432                tc_write_rc
 .text.tc_enable_interrupt
                0x0040043a        0x8 src/ASF/sam/drivers/tc/tc.o
                0x0040043a                tc_enable_interrupt
 .text.tc_get_status
                0x00400442        0x8 src/ASF/sam/drivers/tc/tc.o
                0x00400442                tc_get_status
 .text.tc_find_mck_divisor
                0x0040044a       0x70 src/ASF/sam/drivers/tc/tc.o
                0x0040044a                tc_find_mck_divisor
 *fill*         0x004004ba        0x2 
 .text.get_chip_temp
                0x004004bc       0xa4 src/PDU.o
                0x004004bc                get_chip_temp
 .text.init_PDU
                0x00400560      0x2a8 src/PDU.o
                0x00400560                init_PDU
 .text.set_enable
                0x00400808       0x14 src/PDU.o
                0x00400808                set_enable
 .text.get_is   0x0040081c       0x9c src/PDU.o
                0x0040081c                get_is
 .text.update_output_status
                0x004008b8       0xec src/PDU.o
                0x004008b8                update_output_status
 .text.soft_restart
                0x004009a4       0x44 src/PDU.o
                0x004009a4                soft_restart
 .text.handle_CAN
                0x004009e8       0x80 src/PDU.o
                0x004009e8                handle_CAN
 .text.CAN0_Handler
                0x00400a68       0xf0 src/PDU.o
                0x00400a68                CAN0_Handler
 .text.PDU_transmit_callback
                0x00400b58      0x25c src/PDU.o
                0x00400b58                PDU_transmit_callback
 .text.ECU_timeout_callback
                0x00400db4       0x28 src/PDU.o
                0x00400db4                ECU_timeout_callback
 .text.sysclk_init
                0x00400ddc       0x68 src/ASF/common/services/clock/sam4e/sysclk.o
                0x00400ddc                sysclk_init
 .text.afec_process_callback
                0x00400e44       0x9c src/ASF/sam/drivers/afec/afec.o
 .text.afec_ch_set_config
                0x00400ee0       0x30 src/ASF/sam/drivers/afec/afec.o
                0x00400ee0                afec_ch_set_config
 .text.afec_temp_sensor_set_config
                0x00400f10       0x14 src/ASF/sam/drivers/afec/afec.o
                0x00400f10                afec_temp_sensor_set_config
 .text.afec_get_config_defaults
                0x00400f24       0x30 src/ASF/sam/drivers/afec/afec.o
                0x00400f24                afec_get_config_defaults
 .text.afec_ch_get_config_defaults
                0x00400f54        0xa src/ASF/sam/drivers/afec/afec.o
                0x00400f54                afec_ch_get_config_defaults
 .text.afec_temp_sensor_get_config_defaults
                0x00400f5e       0x14 src/ASF/sam/drivers/afec/afec.o
                0x00400f5e                afec_temp_sensor_get_config_defaults
 *fill*         0x00400f72        0x2 
 .text.afec_init
                0x00400f74       0xd4 src/ASF/sam/drivers/afec/afec.o
                0x00400f74                afec_init
 .text.afec_enable_interrupt
                0x00401048       0x38 src/ASF/sam/drivers/afec/afec.o
                0x00401048                afec_enable_interrupt
 .text.afec_set_callback
                0x00401080       0x58 src/ASF/sam/drivers/afec/afec.o
                0x00401080                afec_set_callback
 .text.AFEC0_Handler
                0x004010d8       0x14 src/ASF/sam/drivers/afec/afec.o
                0x004010d8                AFEC0_Handler
 .text.AFEC1_Handler
                0x004010ec       0x14 src/ASF/sam/drivers/afec/afec.o
                0x004010ec                AFEC1_Handler
 .text.afec_enable
                0x00401100       0x64 src/ASF/sam/drivers/afec/afec.o
                0x00401100                afec_enable
 .text.pmc_switch_mck_to_pllack
                0x00401164       0x64 src/ASF/sam/drivers/pmc/pmc.o
                0x00401164                pmc_switch_mck_to_pllack
 .text.pmc_switch_mainck_to_xtal
                0x004011c8       0x54 src/ASF/sam/drivers/pmc/pmc.o
                0x004011c8                pmc_switch_mainck_to_xtal
 .text.pmc_osc_is_ready_mainck
                0x0040121c       0x10 src/ASF/sam/drivers/pmc/pmc.o
                0x0040121c                pmc_osc_is_ready_mainck
 .text.pmc_disable_pllack
                0x0040122c       0x10 src/ASF/sam/drivers/pmc/pmc.o
                0x0040122c                pmc_disable_pllack
 .text.pmc_is_locked_pllack
                0x0040123c       0x10 src/ASF/sam/drivers/pmc/pmc.o
                0x0040123c                pmc_is_locked_pllack
 .text.pmc_enable_periph_clk
                0x0040124c       0x54 src/ASF/sam/drivers/pmc/pmc.o
                0x0040124c                pmc_enable_periph_clk
 .text.board_init
                0x004012a0       0xf0 src/ASF/common/boards/user_board/init.o
                0x004012a0                board_init
 .text.Dummy_Handler
                0x00401390        0x2 src/ASF/sam/utils/cmsis/sam4e/source/templates/exceptions.o
                0x00401390                DACC_Handler
                0x00401390                DebugMon_Handler
                0x00401390                DMAC_Handler
                0x00401390                HardFault_Handler
                0x00401390                SPI_Handler
                0x00401390                SysTick_Handler
                0x00401390                TWI1_Handler
                0x00401390                PendSV_Handler
                0x00401390                NMI_Handler
                0x00401390                TC7_Handler
                0x00401390                SMC_Handler
                0x00401390                USART0_Handler
                0x00401390                RTT_Handler
                0x00401390                PIOB_Handler
                0x00401390                RTC_Handler
                0x00401390                UsageFault_Handler
                0x00401390                TC6_Handler
                0x00401390                WDT_Handler
                0x00401390                TC4_Handler
                0x00401390                HSMCI_Handler
                0x00401390                UART1_Handler
                0x00401390                TC3_Handler
                0x00401390                ARM_Handler
                0x00401390                Dummy_Handler
                0x00401390                TWI0_Handler
                0x00401390                USART1_Handler
                0x00401390                PIOA_Handler
                0x00401390                ACC_Handler
                0x00401390                PMC_Handler
                0x00401390                PWM_Handler
                0x00401390                GMAC_Handler
                0x00401390                CAN1_Handler
                0x00401390                MemManage_Handler
                0x00401390                SUPC_Handler
                0x00401390                SVC_Handler
                0x00401390                TC8_Handler
                0x00401390                EFC_Handler
                0x00401390                PIOE_Handler
                0x00401390                PIOD_Handler
                0x00401390                UART0_Handler
                0x00401390                PIOC_Handler
                0x00401390                UDP_Handler
                0x00401390                BusFault_Handler
                0x00401390                RSTC_Handler
                0x00401390                TC5_Handler
                0x00401390                AES_Handler
 *fill*         0x00401392        0x2 
 .text.Reset_Handler
                0x00401394       0xc8 src/ASF/sam/utils/cmsis/sam4e/source/templates/gcc/startup_sam4e.o
                0x00401394                Reset_Handler
 .text.SystemCoreClockUpdate
                0x0040145c      0x10c src/ASF/sam/utils/cmsis/sam4e/source/templates/system_sam4e.o
                0x0040145c                SystemCoreClockUpdate
 .text.system_init_flash
                0x00401568       0x74 src/ASF/sam/utils/cmsis/sam4e/source/templates/system_sam4e.o
                0x00401568                system_init_flash
 .text.main     0x004015dc       0x58 src/main.o
                0x004015dc                main
 .text.TC0_Handler
                0x00401634       0x48 src/main.o
                0x00401634                TC0_Handler
 .text.TC1_Handler
                0x0040167c       0x34 src/main.o
                0x0040167c                TC1_Handler
 .text.TC2_Handler
                0x004016b0       0x54 src/main.o
                0x004016b0                TC2_Handler
 .text.__libc_init_array
                0x00401704       0x50 c:/program files (x86)/atmel/studio/7.0/toolchain/arm/arm-gnu-toolchain/bin/../lib/gcc/arm-none-eabi/6.2.1/../../../../arm-none-eabi/lib/thumb/v7e-m\libc.a(lib_a-init.o)
                0x00401704                __libc_init_array
 .text.startup.register_fini
                0x00401754       0x14 c:/program files (x86)/atmel/studio/7.0/toolchain/arm/arm-gnu-toolchain/bin/../lib/gcc/arm-none-eabi/6.2.1/../../../../arm-none-eabi/lib/thumb/v7e-m\libc.a(lib_a-__call_atexit.o)
 .text.atexit   0x00401768        0xc c:/program files (x86)/atmel/studio/7.0/toolchain/arm/arm-gnu-toolchain/bin/../lib/gcc/arm-none-eabi/6.2.1/../../../../arm-none-eabi/lib/thumb/v7e-m\libc.a(lib_a-atexit.o)
                0x00401768                atexit
 .text.__libc_fini_array
                0x00401774       0x34 c:/program files (x86)/atmel/studio/7.0/toolchain/arm/arm-gnu-toolchain/bin/../lib/gcc/arm-none-eabi/6.2.1/../../../../arm-none-eabi/lib/thumb/v7e-m\libc.a(lib_a-fini.o)
                0x00401774                __libc_fini_array
 .text.__register_exitproc
                0x004017a8       0xa4 c:/program files (x86)/atmel/studio/7.0/toolchain/arm/arm-gnu-toolchain/bin/../lib/gcc/arm-none-eabi/6.2.1/../../../../arm-none-eabi/lib/thumb/v7e-m\libc.a(lib_a-__atexit.o)
                0x004017a8                __register_exitproc
 *(.glue_7t)
 .glue_7t       0x0040184c        0x0 linker stubs
 *(.glue_7)
 .glue_7        0x0040184c        0x0 linker stubs
 *(.rodata .rodata* .gnu.linkonce.r.*)
 .rodata.can_bit_time
                0x0040184c       0x6c src/ASF/sam/drivers/can/can.o
                0x0040184c                can_bit_time
 .rodata.PDU_AFEC_channel_list
                0x004018b8       0x14 src/PDU.o
 .rodata.PDU_AFEC_channel_offset
                0x004018cc       0x28 src/PDU.o
 .rodata.PDU_TC_DESIRED_HZ
                0x004018f4        0xc src/PDU.o
 .rodata.PDU_TC_IRQ
                0x00401900        0x3 src/PDU.o
 *fill*         0x00401903        0x1 
 .rodata.curr_limits
                0x00401904       0x28 src/PDU.o
 .rodata.state_id
                0x0040192c        0x5 src/PDU.o
 *fill*         0x00401931        0x3 
 .rodata._global_impure_ptr
                0x00401934        0x4 c:/program files (x86)/atmel/studio/7.0/toolchain/arm/arm-gnu-toolchain/bin/../lib/gcc/arm-none-eabi/6.2.1/../../../../arm-none-eabi/lib/thumb/v7e-m\libc.a(lib_a-impure.o)
                0x00401934                _global_impure_ptr
 *(.ARM.extab* .gnu.linkonce.armextab.*)
                0x00401938                . = ALIGN (0x4)
 *(.init)
 .init          0x00401938        0x4 c:/program files (x86)/atmel/studio/7.0/toolchain/arm/arm-gnu-toolchain/bin/../lib/gcc/arm-none-eabi/6.2.1/thumb/v7e-m/crti.o
                0x00401938                _init
 .init          0x0040193c        0x8 c:/program files (x86)/atmel/studio/7.0/toolchain/arm/arm-gnu-toolchain/bin/../lib/gcc/arm-none-eabi/6.2.1/thumb/v7e-m/crtn.o
                0x00401944                . = ALIGN (0x4)
                0x00401944                __preinit_array_start = .
 *(.preinit_array)
                0x00401944                __preinit_array_end = .
                0x00401944                . = ALIGN (0x4)
                0x00401944                __init_array_start = .
 *(SORT(.init_array.*))
 .init_array.00000
                0x00401944        0x4 c:/program files (x86)/atmel/studio/7.0/toolchain/arm/arm-gnu-toolchain/bin/../lib/gcc/arm-none-eabi/6.2.1/../../../../arm-none-eabi/lib/thumb/v7e-m\libc.a(lib_a-__call_atexit.o)
 *(.init_array)
 .init_array    0x00401948        0x4 c:/program files (x86)/atmel/studio/7.0/toolchain/arm/arm-gnu-toolchain/bin/../lib/gcc/arm-none-eabi/6.2.1/thumb/v7e-m/crtbegin.o
                0x0040194c                __init_array_end = .
                0x0040194c                . = ALIGN (0x4)
 *crtbegin.o(.ctors)
 *(EXCLUDE_FILE(*crtend.o) .ctors)
 *(SORT(.ctors.*))
 *crtend.o(.ctors)
                0x0040194c                . = ALIGN (0x4)
 *(.fini)
 .fini          0x0040194c        0x4 c:/program files (x86)/atmel/studio/7.0/toolchain/arm/arm-gnu-toolchain/bin/../lib/gcc/arm-none-eabi/6.2.1/thumb/v7e-m/crti.o
                0x0040194c                _fini
 .fini          0x00401950        0x8 c:/program files (x86)/atmel/studio/7.0/toolchain/arm/arm-gnu-toolchain/bin/../lib/gcc/arm-none-eabi/6.2.1/thumb/v7e-m/crtn.o
                0x00401958                . = ALIGN (0x4)
                0x00401958                __fini_array_start = .
 *(.fini_array)
 .fini_array    0x00401958        0x4 c:/program files (x86)/atmel/studio/7.0/toolchain/arm/arm-gnu-toolchain/bin/../lib/gcc/arm-none-eabi/6.2.1/thumb/v7e-m/crtbegin.o
 *(SORT(.fini_array.*))
                0x0040195c                __fini_array_end = .
 *crtbegin.o(.dtors)
 *(EXCLUDE_FILE(*crtend.o) .dtors)
 *(SORT(.dtors.*))
 *crtend.o(.dtors)
                0x0040195c                . = ALIGN (0x4)
                0x0040195c                _efixed = .
                [!provide]                PROVIDE (__exidx_start, .)

.vfp11_veneer   0x0040195c        0x0
 .vfp11_veneer  0x0040195c        0x0 linker stubs

.v4_bx          0x0040195c        0x0
 .v4_bx         0x0040195c        0x0 linker stubs

.iplt           0x0040195c        0x0
 .iplt          0x0040195c        0x0 c:/program files (x86)/atmel/studio/7.0/toolchain/arm/arm-gnu-toolchain/bin/../lib/gcc/arm-none-eabi/6.2.1/thumb/v7e-m/crtbegin.o

.eh_frame       0x0040195c        0x0
 .eh_frame      0x0040195c        0x0 c:/program files (x86)/atmel/studio/7.0/toolchain/arm/arm-gnu-toolchain/bin/../lib/gcc/arm-none-eabi/6.2.1/thumb/v7e-m/crtbegin.o

.rel.dyn        0x0040195c        0x0
 .rel.iplt      0x0040195c        0x0 c:/program files (x86)/atmel/studio/7.0/toolchain/arm/arm-gnu-toolchain/bin/../lib/gcc/arm-none-eabi/6.2.1/thumb/v7e-m/crtbegin.o

.jcr            0x0040195c        0x0
 .jcr           0x0040195c        0x0 c:/program files (x86)/atmel/studio/7.0/toolchain/arm/arm-gnu-toolchain/bin/../lib/gcc/arm-none-eabi/6.2.1/thumb/v7e-m/crtbegin.o

.igot.plt       0x0040195c        0x0
 .igot.plt      0x0040195c        0x0 c:/program files (x86)/atmel/studio/7.0/toolchain/arm/arm-gnu-toolchain/bin/../lib/gcc/arm-none-eabi/6.2.1/thumb/v7e-m/crtbegin.o

.ARM.exidx
 *(.ARM.exidx* .gnu.linkonce.armexidx.*)
                [!provide]                PROVIDE (__exidx_end, .)
                0x0040195c                . = ALIGN (0x4)
                0x0040195c                _etext = .

.relocate       0x20000000      0x440 load address 0x0040195c
                0x20000000                . = ALIGN (0x4)
                0x20000000                _srelocate = .
 *(.ramfunc .ramfunc.*)
 .ramfunc       0x20000000        0xa src/ASF/common/services/delay/sam/cycle_counter.o
                0x20000000                portable_delay_cycles
 *(.data .data.*)
 .data.g_interrupt_enabled
                0x2000000a        0x1 src/ASF/common/utils/interrupt/interrupt_sam_nvic.o
                0x2000000a                g_interrupt_enabled
 *fill*         0x2000000b        0x1 
 .data.SystemCoreClock
                0x2000000c        0x4 src/ASF/sam/utils/cmsis/sam4e/source/templates/system_sam4e.o
                0x2000000c                SystemCoreClock
 .data.enable_mask
                0x20000010        0x4 src/main.o
                0x20000010                enable_mask
 *fill*         0x20000014        0x4 
 .data.impure_data
                0x20000018      0x428 c:/program files (x86)/atmel/studio/7.0/toolchain/arm/arm-gnu-toolchain/bin/../lib/gcc/arm-none-eabi/6.2.1/../../../../arm-none-eabi/lib/thumb/v7e-m\libc.a(lib_a-impure.o)
                0x20000440                . = ALIGN (0x4)
                0x20000440                _erelocate = .

.bss            0x20000440      0x284 load address 0x00401d9c
                0x20000440                . = ALIGN (0x4)
                0x20000440                _sbss = .
                0x20000440                _szero = .
 *(.bss .bss.*)
 .bss           0x20000440       0x1c c:/program files (x86)/atmel/studio/7.0/toolchain/arm/arm-gnu-toolchain/bin/../lib/gcc/arm-none-eabi/6.2.1/thumb/v7e-m/crtbegin.o
 .bss.PDU       0x2000045c        0x6 src/main.o
                0x2000045c                PDU
 *fill*         0x20000462        0x2 
 .bss.error_mask
                0x20000464        0x4 src/main.o
                0x20000464                error_mask
 .bss.g_recv_timeout_cnt
                0x20000468        0x4 src/main.o
                0x20000468                g_recv_timeout_cnt
 .bss.g_tx_status
                0x2000046c        0x1 src/main.o
                0x2000046c                g_tx_status
 .bss.g_ul_recv_status
                0x2000046d        0x1 src/main.o
                0x2000046d                g_ul_recv_status
 *fill*         0x2000046e        0x2 
 .bss.soft_restart_mask
                0x20000470        0x4 src/main.o
                0x20000470                soft_restart_mask
 .bss.ul_sysclk
                0x20000474        0x4 src/main.o
                0x20000474                ul_sysclk
 .bss.update_outputs
                0x20000478        0x1 src/main.o
                0x20000478                update_outputs
 *fill*         0x20000479        0x3 
 .bss.vehicle   0x2000047c        0x8 src/main.o
                0x2000047c                vehicle
 *(COMMON)
 COMMON         0x20000484      0x120 src/PDU.o
                0x20000484                afec_ch_cfg
                0x20000488                afec_cfg
                0x200004a4                can_mailbox
 COMMON         0x200005a4        0x6 src/ASF/common/services/sleepmgr/sam/sleepmgr.o
                0x200005a4                sleepmgr_locks
 *fill*         0x200005aa        0x2 
 COMMON         0x200005ac       0xb8 src/ASF/sam/drivers/afec/afec.o
                0x200005ac                afec_callback_pointer
 COMMON         0x20000664       0x60 src/main.o
                0x20000664                outputs
                0x200006c4                . = ALIGN (0x4)
                0x200006c4                _ebss = .
                0x200006c4                _ezero = .

.stack          0x200006c4     0x3004 load address 0x00402020
                0x200006c8                . = ALIGN (0x8)
 *fill*         0x200006c4        0x4 
                0x200006c8                _sstack = .
                0x200036c8                . = (. + __stack_size__)
 *fill*         0x200006c8     0x3000 
                0x200036c8                . = ALIGN (0x8)
                0x200036c8                _estack = .
                0x200036c8                . = ALIGN (0x4)
                0x200036c8                _end = .
OUTPUT(PDU_ver1.0.elf elf32-littlearm)

.ARM.attributes
                0x00000000       0x2e
 .ARM.attributes
                0x00000000       0x1e c:/program files (x86)/atmel/studio/7.0/toolchain/arm/arm-gnu-toolchain/bin/../lib/gcc/arm-none-eabi/6.2.1/thumb/v7e-m/crti.o
 .ARM.attributes
                0x0000001e       0x2e c:/program files (x86)/atmel/studio/7.0/toolchain/arm/arm-gnu-toolchain/bin/../lib/gcc/arm-none-eabi/6.2.1/thumb/v7e-m/crtbegin.o
 .ARM.attributes
                0x0000004c       0x37 src/ASF/sam/drivers/can/can.o
 .ARM.attributes
                0x00000083       0x37 src/ASF/sam/drivers/tc/tc.o
 .ARM.attributes
                0x000000ba       0x37 src/PDU.o
 .ARM.attributes
                0x000000f1       0x37 src/ASF/common/services/delay/sam/cycle_counter.o
 .ARM.attributes
                0x00000128       0x37 src/ASF/common/services/sleepmgr/sam/sleepmgr.o
 .ARM.attributes
                0x0000015f       0x37 src/ASF/common/services/clock/sam4e/sysclk.o
 .ARM.attributes
                0x00000196       0x37 src/ASF/sam/drivers/afec/afec.o
 .ARM.attributes
                0x000001cd       0x37 src/ASF/sam/drivers/pmc/pmc.o
 .ARM.attributes
                0x00000204       0x37 src/ASF/common/boards/user_board/init.o
 .ARM.attributes
                0x0000023b       0x37 src/ASF/common/utils/interrupt/interrupt_sam_nvic.o
 .ARM.attributes
                0x00000272       0x37 src/ASF/sam/utils/cmsis/sam4e/source/templates/exceptions.o
 .ARM.attributes
                0x000002a9       0x37 src/ASF/sam/utils/cmsis/sam4e/source/templates/gcc/startup_sam4e.o
 .ARM.attributes
                0x000002e0       0x37 src/ASF/sam/utils/cmsis/sam4e/source/templates/system_sam4e.o
 .ARM.attributes
                0x00000317       0x37 src/main.o
 .ARM.attributes
                0x0000034e       0x2e c:/program files (x86)/atmel/studio/7.0/toolchain/arm/arm-gnu-toolchain/bin/../lib/gcc/arm-none-eabi/6.2.1/../../../../arm-none-eabi/lib/thumb/v7e-m\libc.a(lib_a-impure.o)
 .ARM.attributes
                0x0000037c       0x2e c:/program files (x86)/atmel/studio/7.0/toolchain/arm/arm-gnu-toolchain/bin/../lib/gcc/arm-none-eabi/6.2.1/../../../../arm-none-eabi/lib/thumb/v7e-m\libc.a(lib_a-init.o)
 .ARM.attributes
                0x000003aa       0x2e c:/program files (x86)/atmel/studio/7.0/toolchain/arm/arm-gnu-toolchain/bin/../lib/gcc/arm-none-eabi/6.2.1/../../../../arm-none-eabi/lib/thumb/v7e-m\libc.a(lib_a-__call_atexit.o)
 .ARM.attributes
                0x000003d8       0x2e c:/program files (x86)/atmel/studio/7.0/toolchain/arm/arm-gnu-toolchain/bin/../lib/gcc/arm-none-eabi/6.2.1/../../../../arm-none-eabi/lib/thumb/v7e-m\libc.a(lib_a-atexit.o)
 .ARM.attributes
                0x00000406       0x2e c:/program files (x86)/atmel/studio/7.0/toolchain/arm/arm-gnu-toolchain/bin/../lib/gcc/arm-none-eabi/6.2.1/../../../../arm-none-eabi/lib/thumb/v7e-m\libc.a(lib_a-fini.o)
 .ARM.attributes
                0x00000434       0x2e c:/program files (x86)/atmel/studio/7.0/toolchain/arm/arm-gnu-toolchain/bin/../lib/gcc/arm-none-eabi/6.2.1/../../../../arm-none-eabi/lib/thumb/v7e-m\libc.a(lib_a-__atexit.o)
 .ARM.attributes
                0x00000462       0x1e c:/program files (x86)/atmel/studio/7.0/toolchain/arm/arm-gnu-toolchain/bin/../lib/gcc/arm-none-eabi/6.2.1/thumb/v7e-m/crtn.o

.comment        0x00000000       0x59
 .comment       0x00000000       0x59 src/ASF/sam/drivers/can/can.o
                                 0x5a (size before relaxing)
 .comment       0x00000059       0x5a src/ASF/sam/drivers/tc/tc.o
 .comment       0x00000059       0x5a src/PDU.o
 .comment       0x00000059       0x5a src/ASF/common/services/delay/sam/cycle_counter.o
 .comment       0x00000059       0x5a src/ASF/common/services/sleepmgr/sam/sleepmgr.o
 .comment       0x00000059       0x5a src/ASF/common/services/clock/sam4e/sysclk.o
 .comment       0x00000059       0x5a src/ASF/sam/drivers/afec/afec.o
 .comment       0x00000059       0x5a src/ASF/sam/drivers/pmc/pmc.o
 .comment       0x00000059       0x5a src/ASF/common/boards/user_board/init.o
 .comment       0x00000059       0x5a src/ASF/common/utils/interrupt/interrupt_sam_nvic.o
 .comment       0x00000059       0x5a src/ASF/sam/utils/cmsis/sam4e/source/templates/exceptions.o
 .comment       0x00000059       0x5a src/ASF/sam/utils/cmsis/sam4e/source/templates/gcc/startup_sam4e.o
 .comment       0x00000059       0x5a src/ASF/sam/utils/cmsis/sam4e/source/templates/system_sam4e.o
 .comment       0x00000059       0x5a src/main.o

.debug_info     0x00000000    0x116d7
 .debug_info    0x00000000     0x179a src/ASF/sam/drivers/can/can.o
 .debug_info    0x0000179a     0x1311 src/ASF/sam/drivers/tc/tc.o
 .debug_info    0x00002aab     0x3725 src/PDU.o
 .debug_info    0x000061d0      0xa39 src/ASF/common/services/delay/sam/cycle_counter.o
 .debug_info    0x00006c09      0xa82 src/ASF/common/services/sleepmgr/sam/sleepmgr.o
 .debug_info    0x0000768b     0x12a4 src/ASF/common/services/clock/sam4e/sysclk.o
 .debug_info    0x0000892f     0x213e src/ASF/sam/drivers/afec/afec.o
 .debug_info    0x0000aa6d     0x1903 src/ASF/sam/drivers/pmc/pmc.o
 .debug_info    0x0000c370     0x17f3 src/ASF/common/boards/user_board/init.o
 .debug_info    0x0000db63      0xaf5 src/ASF/common/utils/interrupt/interrupt_sam_nvic.o
 .debug_info    0x0000e658       0xdc src/ASF/sam/utils/cmsis/sam4e/source/templates/exceptions.o
 .debug_info    0x0000e734     0x1236 src/ASF/sam/utils/cmsis/sam4e/source/templates/gcc/startup_sam4e.o
 .debug_info    0x0000f96a      0x495 src/ASF/sam/utils/cmsis/sam4e/source/templates/system_sam4e.o
 .debug_info    0x0000fdff     0x18d8 src/main.o

.debug_abbrev   0x00000000     0x268f
 .debug_abbrev  0x00000000      0x419 src/ASF/sam/drivers/can/can.o
 .debug_abbrev  0x00000419      0x2a0 src/ASF/sam/drivers/tc/tc.o
 .debug_abbrev  0x000006b9      0x501 src/PDU.o
 .debug_abbrev  0x00000bba      0x1b3 src/ASF/common/services/delay/sam/cycle_counter.o
 .debug_abbrev  0x00000d6d      0x1b2 src/ASF/common/services/sleepmgr/sam/sleepmgr.o
 .debug_abbrev  0x00000f1f      0x32c src/ASF/common/services/clock/sam4e/sysclk.o
 .debug_abbrev  0x0000124b      0x4c8 src/ASF/sam/drivers/afec/afec.o
 .debug_abbrev  0x00001713      0x315 src/ASF/sam/drivers/pmc/pmc.o
 .debug_abbrev  0x00001a28      0x2f6 src/ASF/common/boards/user_board/init.o
 .debug_abbrev  0x00001d1e      0x212 src/ASF/common/utils/interrupt/interrupt_sam_nvic.o
 .debug_abbrev  0x00001f30       0x7d src/ASF/sam/utils/cmsis/sam4e/source/templates/exceptions.o
 .debug_abbrev  0x00001fad      0x2ae src/ASF/sam/utils/cmsis/sam4e/source/templates/gcc/startup_sam4e.o
 .debug_abbrev  0x0000225b      0x102 src/ASF/sam/utils/cmsis/sam4e/source/templates/system_sam4e.o
 .debug_abbrev  0x0000235d      0x332 src/main.o

.debug_loc      0x00000000     0x2f8a
 .debug_loc     0x00000000      0x998 src/ASF/sam/drivers/can/can.o
 .debug_loc     0x00000998      0x5a4 src/ASF/sam/drivers/tc/tc.o
 .debug_loc     0x00000f3c      0x997 src/PDU.o
 .debug_loc     0x000018d3      0x1c0 src/ASF/common/services/clock/sam4e/sysclk.o
 .debug_loc     0x00001a93      0x81a src/ASF/sam/drivers/afec/afec.o
 .debug_loc     0x000022ad      0x9c6 src/ASF/sam/drivers/pmc/pmc.o
 .debug_loc     0x00002c73      0x220 src/ASF/common/boards/user_board/init.o
 .debug_loc     0x00002e93       0x77 src/ASF/sam/utils/cmsis/sam4e/source/templates/gcc/startup_sam4e.o
 .debug_loc     0x00002f0a       0x80 src/main.o

.debug_aranges  0x00000000      0x658
 .debug_aranges
                0x00000000      0x138 src/ASF/sam/drivers/can/can.o
 .debug_aranges
                0x00000138       0xd0 src/ASF/sam/drivers/tc/tc.o
 .debug_aranges
                0x00000208       0x70 src/PDU.o
 .debug_aranges
                0x00000278       0x20 src/ASF/common/services/delay/sam/cycle_counter.o
 .debug_aranges
                0x00000298       0x18 src/ASF/common/services/sleepmgr/sam/sleepmgr.o
 .debug_aranges
                0x000002b0       0x40 src/ASF/common/services/clock/sam4e/sysclk.o
 .debug_aranges
                0x000002f0       0xa0 src/ASF/sam/drivers/afec/afec.o
 .debug_aranges
                0x00000390      0x1d8 src/ASF/sam/drivers/pmc/pmc.o
 .debug_aranges
                0x00000568       0x20 src/ASF/common/boards/user_board/init.o
 .debug_aranges
                0x00000588       0x28 src/ASF/common/utils/interrupt/interrupt_sam_nvic.o
 .debug_aranges
                0x000005b0       0x20 src/ASF/sam/utils/cmsis/sam4e/source/templates/exceptions.o
 .debug_aranges
                0x000005d0       0x20 src/ASF/sam/utils/cmsis/sam4e/source/templates/gcc/startup_sam4e.o
 .debug_aranges
                0x000005f0       0x30 src/ASF/sam/utils/cmsis/sam4e/source/templates/system_sam4e.o
 .debug_aranges
                0x00000620       0x38 src/main.o

.debug_ranges   0x00000000      0x5a0
 .debug_ranges  0x00000000      0x140 src/ASF/sam/drivers/can/can.o
 .debug_ranges  0x00000140       0xc0 src/ASF/sam/drivers/tc/tc.o
 .debug_ranges  0x00000200       0x60 src/PDU.o
 .debug_ranges  0x00000260       0x10 src/ASF/common/services/delay/sam/cycle_counter.o
 .debug_ranges  0x00000270       0x30 src/ASF/common/services/clock/sam4e/sysclk.o
 .debug_ranges  0x000002a0       0xa8 src/ASF/sam/drivers/afec/afec.o
 .debug_ranges  0x00000348      0x1c8 src/ASF/sam/drivers/pmc/pmc.o
 .debug_ranges  0x00000510       0x10 src/ASF/common/boards/user_board/init.o
 .debug_ranges  0x00000520       0x18 src/ASF/common/utils/interrupt/interrupt_sam_nvic.o
 .debug_ranges  0x00000538       0x10 src/ASF/sam/utils/cmsis/sam4e/source/templates/exceptions.o
 .debug_ranges  0x00000548       0x10 src/ASF/sam/utils/cmsis/sam4e/source/templates/gcc/startup_sam4e.o
 .debug_ranges  0x00000558       0x20 src/ASF/sam/utils/cmsis/sam4e/source/templates/system_sam4e.o
 .debug_ranges  0x00000578       0x28 src/main.o

.debug_macro    0x00000000    0x1691c
 .debug_macro   0x00000000      0x5c1 src/ASF/sam/drivers/can/can.o
 .debug_macro   0x000005c1      0x8c2 src/ASF/sam/drivers/can/can.o
 .debug_macro   0x00000e83      0x16d src/ASF/sam/drivers/can/can.o
 .debug_macro   0x00000ff0      0x64b src/ASF/sam/drivers/can/can.o
 .debug_macro   0x0000163b       0x76 src/ASF/sam/drivers/can/can.o
 .debug_macro   0x000016b1       0x16 src/ASF/sam/drivers/can/can.o
 .debug_macro   0x000016c7      0x6e4 src/ASF/sam/drivers/can/can.o
 .debug_macro   0x00001dab       0x22 src/ASF/sam/drivers/can/can.o
 .debug_macro   0x00001dcd       0x87 src/ASF/sam/drivers/can/can.o
 .debug_macro   0x00001e54       0x51 src/ASF/sam/drivers/can/can.o
 .debug_macro   0x00001ea5       0xef src/ASF/sam/drivers/can/can.o
 .debug_macro   0x00001f94       0x6a src/ASF/sam/drivers/can/can.o
 .debug_macro   0x00001ffe      0x1df src/ASF/sam/drivers/can/can.o
 .debug_macro   0x000021dd       0x27 src/ASF/sam/drivers/can/can.o
 .debug_macro   0x00002204       0x3b src/ASF/sam/drivers/can/can.o
 .debug_macro   0x0000223f       0x2d src/ASF/sam/drivers/can/can.o
 .debug_macro   0x0000226c       0x26 src/ASF/sam/drivers/can/can.o
 .debug_macro   0x00002292      0xd39 src/ASF/sam/drivers/can/can.o
 .debug_macro   0x00002fcb      0x159 src/ASF/sam/drivers/can/can.o
 .debug_macro   0x00003124      0x196 src/ASF/sam/drivers/can/can.o
 .debug_macro   0x000032ba      0xbf6 src/ASF/sam/drivers/can/can.o
 .debug_macro   0x00003eb0      0x53f src/ASF/sam/drivers/can/can.o
 .debug_macro   0x000043ef      0x197 src/ASF/sam/drivers/can/can.o
 .debug_macro   0x00004586      0x11e src/ASF/sam/drivers/can/can.o
 .debug_macro   0x000046a4      0x432 src/ASF/sam/drivers/can/can.o
 .debug_macro   0x00004ad6      0x54a src/ASF/sam/drivers/can/can.o
 .debug_macro   0x00005020      0x106 src/ASF/sam/drivers/can/can.o
 .debug_macro   0x00005126      0xa74 src/ASF/sam/drivers/can/can.o
 .debug_macro   0x00005b9a       0x1c src/ASF/sam/drivers/can/can.o
 .debug_macro   0x00005bb6      0x73f src/ASF/sam/drivers/can/can.o
 .debug_macro   0x000062f5      0x457 src/ASF/sam/drivers/can/can.o
 .debug_macro   0x0000674c       0xbe src/ASF/sam/drivers/can/can.o
 .debug_macro   0x0000680a     0x28b3 src/ASF/sam/drivers/can/can.o
 .debug_macro   0x000090bd      0x83d src/ASF/sam/drivers/can/can.o
 .debug_macro   0x000098fa      0xb98 src/ASF/sam/drivers/can/can.o
 .debug_macro   0x0000a492       0x9a src/ASF/sam/drivers/can/can.o
 .debug_macro   0x0000a52c       0x76 src/ASF/sam/drivers/can/can.o
 .debug_macro   0x0000a5a2      0x3d8 src/ASF/sam/drivers/can/can.o
 .debug_macro   0x0000a97a       0x64 src/ASF/sam/drivers/can/can.o
 .debug_macro   0x0000a9de      0x1ae src/ASF/sam/drivers/can/can.o
 .debug_macro   0x0000ab8c      0x386 src/ASF/sam/drivers/can/can.o
 .debug_macro   0x0000af12      0x707 src/ASF/sam/drivers/can/can.o
 .debug_macro   0x0000b619      0x6fe src/ASF/sam/drivers/can/can.o
 .debug_macro   0x0000bd17      0x381 src/ASF/sam/drivers/can/can.o
 .debug_macro   0x0000c098      0x2aa src/ASF/sam/drivers/can/can.o
 .debug_macro   0x0000c342      0x2d6 src/ASF/sam/drivers/can/can.o
 .debug_macro   0x0000c618      0x6bc src/ASF/sam/drivers/can/can.o
 .debug_macro   0x0000ccd4       0x76 src/ASF/sam/drivers/can/can.o
 .debug_macro   0x0000cd4a      0x2e9 src/ASF/sam/drivers/can/can.o
 .debug_macro   0x0000d033       0x46 src/ASF/sam/drivers/can/can.o
 .debug_macro   0x0000d079      0x225 src/ASF/sam/drivers/can/can.o
 .debug_macro   0x0000d29e      0x225 src/ASF/sam/drivers/can/can.o
 .debug_macro   0x0000d4c3      0x287 src/ASF/sam/drivers/can/can.o
 .debug_macro   0x0000d74a       0x88 src/ASF/sam/drivers/can/can.o
 .debug_macro   0x0000d7d2       0x82 src/ASF/sam/drivers/can/can.o
 .debug_macro   0x0000d854       0xb8 src/ASF/sam/drivers/can/can.o
 .debug_macro   0x0000d90c       0x52 src/ASF/sam/drivers/can/can.o
 .debug_macro   0x0000d95e       0x88 src/ASF/sam/drivers/can/can.o
 .debug_macro   0x0000d9e6      0x1c5 src/ASF/sam/drivers/can/can.o
 .debug_macro   0x0000dbab      0x1c5 src/ASF/sam/drivers/can/can.o
 .debug_macro   0x0000dd70      0x135 src/ASF/sam/drivers/can/can.o
 .debug_macro   0x0000dea5       0xac src/ASF/sam/drivers/can/can.o
 .debug_macro   0x0000df51       0xac src/ASF/sam/drivers/can/can.o
 .debug_macro   0x0000dffd       0x94 src/ASF/sam/drivers/can/can.o
 .debug_macro   0x0000e091       0x94 src/ASF/sam/drivers/can/can.o
 .debug_macro   0x0000e125       0xdc src/ASF/sam/drivers/can/can.o
 .debug_macro   0x0000e201       0xdc src/ASF/sam/drivers/can/can.o
 .debug_macro   0x0000e2dd       0x7c src/ASF/sam/drivers/can/can.o
 .debug_macro   0x0000e359       0x40 src/ASF/sam/drivers/can/can.o
 .debug_macro   0x0000e399       0xee src/ASF/sam/drivers/can/can.o
 .debug_macro   0x0000e487       0x46 src/ASF/sam/drivers/can/can.o
 .debug_macro   0x0000e4cd       0x58 src/ASF/sam/drivers/can/can.o
 .debug_macro   0x0000e525       0xa6 src/ASF/sam/drivers/can/can.o
 .debug_macro   0x0000e5cb       0x82 src/ASF/sam/drivers/can/can.o
 .debug_macro   0x0000e64d       0x16 src/ASF/sam/drivers/can/can.o
 .debug_macro   0x0000e663       0x22 src/ASF/sam/drivers/can/can.o
 .debug_macro   0x0000e685      0x19d src/ASF/sam/drivers/can/can.o
 .debug_macro   0x0000e822      0x16d src/ASF/sam/drivers/can/can.o
 .debug_macro   0x0000e98f      0x16d src/ASF/sam/drivers/can/can.o
 .debug_macro   0x0000eafc      0x16d src/ASF/sam/drivers/can/can.o
 .debug_macro   0x0000ec69      0x16d src/ASF/sam/drivers/can/can.o
 .debug_macro   0x0000edd6       0x1c src/ASF/sam/drivers/can/can.o
 .debug_macro   0x0000edf2       0x2e src/ASF/sam/drivers/can/can.o
 .debug_macro   0x0000ee20       0x22 src/ASF/sam/drivers/can/can.o
 .debug_macro   0x0000ee42       0x1c src/ASF/sam/drivers/can/can.o
 .debug_macro   0x0000ee5e       0x52 src/ASF/sam/drivers/can/can.o
 .debug_macro   0x0000eeb0       0x10 src/ASF/sam/drivers/can/can.o
 .debug_macro   0x0000eec0       0x1c src/ASF/sam/drivers/can/can.o
 .debug_macro   0x0000eedc      0x2b2 src/ASF/sam/drivers/can/can.o
 .debug_macro   0x0000f18e      0xc8d src/ASF/sam/drivers/can/can.o
 .debug_macro   0x0000fe1b      0x10e src/ASF/sam/drivers/can/can.o
 .debug_macro   0x0000ff29       0x52 src/ASF/sam/drivers/can/can.o
 .debug_macro   0x0000ff7b       0x35 src/ASF/sam/drivers/can/can.o
 .debug_macro   0x0000ffb0       0x9c src/ASF/sam/drivers/can/can.o
 .debug_macro   0x0001004c       0x16 src/ASF/sam/drivers/can/can.o
 .debug_macro   0x00010062       0x35 src/ASF/sam/drivers/can/can.o
 .debug_macro   0x00010097      0x330 src/ASF/sam/drivers/can/can.o
 .debug_macro   0x000103c7       0x10 src/ASF/sam/drivers/can/can.o
 .debug_macro   0x000103d7       0x52 src/ASF/sam/drivers/can/can.o
 .debug_macro   0x00010429       0x1f src/ASF/sam/drivers/can/can.o
 .debug_macro   0x00010448       0x43 src/ASF/sam/drivers/can/can.o
 .debug_macro   0x0001048b       0x20 src/ASF/sam/drivers/can/can.o
 .debug_macro   0x000104ab      0x187 src/ASF/sam/drivers/can/can.o
 .debug_macro   0x00010632       0x10 src/ASF/sam/drivers/can/can.o
 .debug_macro   0x00010642       0x1c src/ASF/sam/drivers/can/can.o
 .debug_macro   0x0001065e       0x52 src/ASF/sam/drivers/can/can.o
 .debug_macro   0x000106b0       0x40 src/ASF/sam/drivers/can/can.o
 .debug_macro   0x000106f0       0x10 src/ASF/sam/drivers/can/can.o
 .debug_macro   0x00010700       0x40 src/ASF/sam/drivers/can/can.o
 .debug_macro   0x00010740       0xd7 src/ASF/sam/drivers/can/can.o
 .debug_macro   0x00010817       0x16 src/ASF/sam/drivers/can/can.o
 .debug_macro   0x0001082d      0x18b src/ASF/sam/drivers/can/can.o
 .debug_macro   0x000109b8       0x22 src/ASF/sam/drivers/can/can.o
 .debug_macro   0x000109da       0x16 src/ASF/sam/drivers/can/can.o
 .debug_macro   0x000109f0       0x16 src/ASF/sam/drivers/can/can.o
 .debug_macro   0x00010a06       0x29 src/ASF/sam/drivers/can/can.o
 .debug_macro   0x00010a2f       0x75 src/ASF/sam/drivers/can/can.o
 .debug_macro   0x00010aa4       0x3f src/ASF/sam/drivers/can/can.o
 .debug_macro   0x00010ae3      0x3ca src/ASF/sam/drivers/can/can.o
 .debug_macro   0x00010ead       0x82 src/ASF/sam/drivers/can/can.o
 .debug_macro   0x00010f2f      0x59e src/ASF/sam/drivers/tc/tc.o
 .debug_macro   0x000114cd       0x4c src/ASF/sam/drivers/tc/tc.o
 .debug_macro   0x00011519       0x8d src/ASF/sam/drivers/tc/tc.o
 .debug_macro   0x000115a6       0x16 src/ASF/sam/drivers/tc/tc.o
 .debug_macro   0x000115bc       0x57 src/ASF/sam/drivers/tc/tc.o
 .debug_macro   0x00011613       0x1c src/ASF/sam/drivers/tc/tc.o
 .debug_macro   0x0001162f      0x6e3 src/PDU.o
 .debug_macro   0x00011d12       0x88 src/PDU.o
 .debug_macro   0x00011d9a       0x3a src/PDU.o
 .debug_macro   0x00011dd4      0x2fa src/PDU.o
 .debug_macro   0x000120ce       0x34 src/PDU.o
 .debug_macro   0x00012102      0x2c6 src/PDU.o
 .debug_macro   0x000123c8       0x58 src/PDU.o
 .debug_macro   0x00012420       0x64 src/PDU.o
 .debug_macro   0x00012484       0x40 src/PDU.o
 .debug_macro   0x000124c4       0x82 src/PDU.o
 .debug_macro   0x00012546       0x28 src/PDU.o
 .debug_macro   0x0001256e       0x23 src/PDU.o
 .debug_macro   0x00012591       0x88 src/PDU.o
 .debug_macro   0x00012619       0x34 src/PDU.o
 .debug_macro   0x0001264d       0x16 src/PDU.o
 .debug_macro   0x00012663       0x10 src/PDU.o
 .debug_macro   0x00012673       0x1c src/PDU.o
 .debug_macro   0x0001268f       0x10 src/PDU.o
 .debug_macro   0x0001269f      0x1cd src/PDU.o
 .debug_macro   0x0001286c      0x597 src/ASF/common/services/delay/sam/cycle_counter.o
 .debug_macro   0x00012e03       0x22 src/ASF/common/services/delay/sam/cycle_counter.o
 .debug_macro   0x00012e25      0x5ae src/ASF/common/services/sleepmgr/sam/sleepmgr.o
 .debug_macro   0x000133d3      0x60d src/ASF/common/services/clock/sam4e/sysclk.o
 .debug_macro   0x000139e0      0x2c0 src/ASF/common/services/clock/sam4e/sysclk.o
 .debug_macro   0x00013ca0      0x665 src/ASF/sam/drivers/afec/afec.o
 .debug_macro   0x00014305      0x59d src/ASF/sam/drivers/pmc/pmc.o
 .debug_macro   0x000148a2       0x52 src/ASF/sam/drivers/pmc/pmc.o
 .debug_macro   0x000148f4      0x6e0 src/ASF/common/boards/user_board/init.o
 .debug_macro   0x00014fd4      0x588 src/ASF/common/utils/interrupt/interrupt_sam_nvic.o
 .debug_macro   0x0001555c      0x38f src/ASF/sam/utils/cmsis/sam4e/source/templates/exceptions.o
 .debug_macro   0x000158eb      0x5a1 src/ASF/sam/utils/cmsis/sam4e/source/templates/gcc/startup_sam4e.o
 .debug_macro   0x00015e8c       0x10 src/ASF/sam/utils/cmsis/sam4e/source/templates/gcc/startup_sam4e.o
 .debug_macro   0x00015e9c      0x39d src/ASF/sam/utils/cmsis/sam4e/source/templates/system_sam4e.o
 .debug_macro   0x00016239      0x6e3 src/main.o

.debug_line     0x00000000     0x997b
 .debug_line    0x00000000      0xc0c src/ASF/sam/drivers/can/can.o
 .debug_line    0x00000c0c      0xaa6 src/ASF/sam/drivers/tc/tc.o
 .debug_line    0x000016b2     0x101c src/PDU.o
 .debug_line    0x000026ce      0x90e src/ASF/common/services/delay/sam/cycle_counter.o
 .debug_line    0x00002fdc      0x970 src/ASF/common/services/sleepmgr/sam/sleepmgr.o
 .debug_line    0x0000394c      0xa93 src/ASF/common/services/clock/sam4e/sysclk.o
 .debug_line    0x000043df      0xd80 src/ASF/sam/drivers/afec/afec.o
 .debug_line    0x0000515f      0xe12 src/ASF/sam/drivers/pmc/pmc.o
 .debug_line    0x00005f71      0xcdc src/ASF/common/boards/user_board/init.o
 .debug_line    0x00006c4d      0x922 src/ASF/common/utils/interrupt/interrupt_sam_nvic.o
 .debug_line    0x0000756f      0x684 src/ASF/sam/utils/cmsis/sam4e/source/templates/exceptions.o
 .debug_line    0x00007bf3      0x992 src/ASF/sam/utils/cmsis/sam4e/source/templates/gcc/startup_sam4e.o
 .debug_line    0x00008585      0x707 src/ASF/sam/utils/cmsis/sam4e/source/templates/system_sam4e.o
 .debug_line    0x00008c8c      0xcef src/main.o

.debug_str      0x00000000    0x5f9ae
 .debug_str     0x00000000    0x595fe src/ASF/sam/drivers/can/can.o
                              0x59ac5 (size before relaxing)
 .debug_str     0x000595fe      0x3ec src/ASF/sam/drivers/tc/tc.o
                              0x59698 (size before relaxing)
 .debug_str     0x000599ea     0x46ef src/PDU.o
                              0x5e168 (size before relaxing)
 .debug_str     0x0005e0d9       0x35 src/ASF/common/services/delay/sam/cycle_counter.o
                              0x59450 (size before relaxing)
 .debug_str     0x0005e10e       0xbd src/ASF/common/services/sleepmgr/sam/sleepmgr.o
                              0x59468 (size before relaxing)
 .debug_str     0x0005e1cb      0x3b8 src/ASF/common/services/clock/sam4e/sysclk.o
                              0x5ba24 (size before relaxing)
 .debug_str     0x0005e583      0x4d6 src/ASF/sam/drivers/afec/afec.o
                              0x5c945 (size before relaxing)
 .debug_str     0x0005ea59      0x541 src/ASF/sam/drivers/pmc/pmc.o
                              0x59cc6 (size before relaxing)
 .debug_str     0x0005ef9a      0x30a src/ASF/common/boards/user_board/init.o
                              0x5c5d3 (size before relaxing)
 .debug_str     0x0005f2a4       0x65 src/ASF/common/utils/interrupt/interrupt_sam_nvic.o
                              0x5932c (size before relaxing)
 .debug_str     0x0005f309       0x4d src/ASF/sam/utils/cmsis/sam4e/source/templates/exceptions.o
                              0x49a3e (size before relaxing)
 .debug_str     0x0005f356      0x4cf src/ASF/sam/utils/cmsis/sam4e/source/templates/gcc/startup_sam4e.o
                              0x598e3 (size before relaxing)
 .debug_str     0x0005f825      0x17b src/ASF/sam/utils/cmsis/sam4e/source/templates/system_sam4e.o
                              0x49d08 (size before relaxing)
 .debug_str     0x0005f9a0        0xe src/main.o
                              0x5d3b3 (size before relaxing)

.debug_frame    0x00000000      0xde8
 .debug_frame   0x00000000      0x2b0 src/ASF/sam/drivers/can/can.o
 .debug_frame   0x000002b0      0x1a8 src/ASF/sam/drivers/tc/tc.o
 .debug_frame   0x00000458      0x148 src/PDU.o
 .debug_frame   0x000005a0       0x20 src/ASF/common/services/delay/sam/cycle_counter.o
 .debug_frame   0x000005c0       0x88 src/ASF/common/services/clock/sam4e/sysclk.o
 .debug_frame   0x00000648      0x1ac src/ASF/sam/drivers/afec/afec.o
 .debug_frame   0x000007f4      0x39c src/ASF/sam/drivers/pmc/pmc.o
 .debug_frame   0x00000b90       0x2c src/ASF/common/boards/user_board/init.o
 .debug_frame   0x00000bbc       0x30 src/ASF/common/utils/interrupt/interrupt_sam_nvic.o
 .debug_frame   0x00000bec       0x20 src/ASF/sam/utils/cmsis/sam4e/source/templates/exceptions.o
 .debug_frame   0x00000c0c       0x28 src/ASF/sam/utils/cmsis/sam4e/source/templates/gcc/startup_sam4e.o
 .debug_frame   0x00000c34       0x40 src/ASF/sam/utils/cmsis/sam4e/source/templates/system_sam4e.o
 .debug_frame   0x00000c74       0x70 src/main.o
 .debug_frame   0x00000ce4       0x2c c:/program files (x86)/atmel/studio/7.0/toolchain/arm/arm-gnu-toolchain/bin/../lib/gcc/arm-none-eabi/6.2.1/../../../../arm-none-eabi/lib/thumb/v7e-m\libc.a(lib_a-init.o)
 .debug_frame   0x00000d10       0x50 c:/program files (x86)/atmel/studio/7.0/toolchain/arm/arm-gnu-toolchain/bin/../lib/gcc/arm-none-eabi/6.2.1/../../../../arm-none-eabi/lib/thumb/v7e-m\libc.a(lib_a-__call_atexit.o)
 .debug_frame   0x00000d60       0x20 c:/program files (x86)/atmel/studio/7.0/toolchain/arm/arm-gnu-toolchain/bin/../lib/gcc/arm-none-eabi/6.2.1/../../../../arm-none-eabi/lib/thumb/v7e-m\libc.a(lib_a-atexit.o)
 .debug_frame   0x00000d80       0x34 c:/program files (x86)/atmel/studio/7.0/toolchain/arm/arm-gnu-toolchain/bin/../lib/gcc/arm-none-eabi/6.2.1/../../../../arm-none-eabi/lib/thumb/v7e-m\libc.a(lib_a-fini.o)
 .debug_frame   0x00000db4       0x34 c:/program files (x86)/atmel/studio/7.0/toolchain/arm/arm-gnu-toolchain/bin/../lib/gcc/arm-none-eabi/6.2.1/../../../../arm-none-eabi/lib/thumb/v7e-m\libc.a(lib_a-__atexit.o)

Cross Reference Table

Symbol                                            File
ACC_Handler                                       src/ASF/sam/utils/cmsis/sam4e/source/templates/exceptions.o
                                                  src/ASF/sam/utils/cmsis/sam4e/source/templates/gcc/startup_sam4e.o
AES_Handler                                       src/ASF/sam/utils/cmsis/sam4e/source/templates/exceptions.o
                                                  src/ASF/sam/utils/cmsis/sam4e/source/templates/gcc/startup_sam4e.o
AFEC0_Handler                                     src/ASF/sam/drivers/afec/afec.o
                                                  src/ASF/sam/utils/cmsis/sam4e/source/templates/gcc/startup_sam4e.o
AFEC1_Handler                                     src/ASF/sam/drivers/afec/afec.o
                                                  src/ASF/sam/utils/cmsis/sam4e/source/templates/gcc/startup_sam4e.o
ARM_Handler                                       src/ASF/sam/utils/cmsis/sam4e/source/templates/exceptions.o
                                                  src/ASF/sam/utils/cmsis/sam4e/source/templates/gcc/startup_sam4e.o
BusFault_Handler                                  src/ASF/sam/utils/cmsis/sam4e/source/templates/exceptions.o
                                                  src/ASF/sam/utils/cmsis/sam4e/source/templates/gcc/startup_sam4e.o
CAN0_Handler                                      src/PDU.o
                                                  src/ASF/sam/utils/cmsis/sam4e/source/templates/gcc/startup_sam4e.o
CAN1_Handler                                      src/ASF/sam/utils/cmsis/sam4e/source/templates/exceptions.o
                                                  src/ASF/sam/utils/cmsis/sam4e/source/templates/gcc/startup_sam4e.o
DACC_Handler                                      src/ASF/sam/utils/cmsis/sam4e/source/templates/exceptions.o
                                                  src/ASF/sam/utils/cmsis/sam4e/source/templates/gcc/startup_sam4e.o
DMAC_Handler                                      src/ASF/sam/utils/cmsis/sam4e/source/templates/exceptions.o
                                                  src/ASF/sam/utils/cmsis/sam4e/source/templates/gcc/startup_sam4e.o
DebugMon_Handler                                  src/ASF/sam/utils/cmsis/sam4e/source/templates/exceptions.o
                                                  src/ASF/sam/utils/cmsis/sam4e/source/templates/gcc/startup_sam4e.o
Dummy_Handler                                     src/ASF/sam/utils/cmsis/sam4e/source/templates/exceptions.o
                                                  src/ASF/sam/utils/cmsis/sam4e/source/templates/gcc/startup_sam4e.o
ECU_timeout_callback                              src/PDU.o
                                                  src/main.o
EFC_Handler                                       src/ASF/sam/utils/cmsis/sam4e/source/templates/exceptions.o
                                                  src/ASF/sam/utils/cmsis/sam4e/source/templates/gcc/startup_sam4e.o
GMAC_Handler                                      src/ASF/sam/utils/cmsis/sam4e/source/templates/exceptions.o
                                                  src/ASF/sam/utils/cmsis/sam4e/source/templates/gcc/startup_sam4e.o
HSMCI_Handler                                     src/ASF/sam/utils/cmsis/sam4e/source/templates/exceptions.o
                                                  src/ASF/sam/utils/cmsis/sam4e/source/templates/gcc/startup_sam4e.o
HardFault_Handler                                 src/ASF/sam/utils/cmsis/sam4e/source/templates/exceptions.o
                                                  src/ASF/sam/utils/cmsis/sam4e/source/templates/gcc/startup_sam4e.o
MemManage_Handler                                 src/ASF/sam/utils/cmsis/sam4e/source/templates/exceptions.o
                                                  src/ASF/sam/utils/cmsis/sam4e/source/templates/gcc/startup_sam4e.o
NMI_Handler                                       src/ASF/sam/utils/cmsis/sam4e/source/templates/exceptions.o
                                                  src/ASF/sam/utils/cmsis/sam4e/source/templates/gcc/startup_sam4e.o
PDU                                               src/main.o
                                                  src/PDU.o
PDU_ALL_CHANNELS                                  src/PDU.o
PDU_transmit_callback                             src/PDU.o
                                                  src/main.o
PIOA_Handler                                      src/ASF/sam/utils/cmsis/sam4e/source/templates/exceptions.o
                                                  src/ASF/sam/utils/cmsis/sam4e/source/templates/gcc/startup_sam4e.o
PIOB_Handler                                      src/ASF/sam/utils/cmsis/sam4e/source/templates/exceptions.o
                                                  src/ASF/sam/utils/cmsis/sam4e/source/templates/gcc/startup_sam4e.o
PIOC_Handler                                      src/ASF/sam/utils/cmsis/sam4e/source/templates/exceptions.o
                                                  src/ASF/sam/utils/cmsis/sam4e/source/templates/gcc/startup_sam4e.o
PIOD_Handler                                      src/ASF/sam/utils/cmsis/sam4e/source/templates/exceptions.o
                                                  src/ASF/sam/utils/cmsis/sam4e/source/templates/gcc/startup_sam4e.o
PIOE_Handler                                      src/ASF/sam/utils/cmsis/sam4e/source/templates/exceptions.o
                                                  src/ASF/sam/utils/cmsis/sam4e/source/templates/gcc/startup_sam4e.o
PMC_Handler                                       src/ASF/sam/utils/cmsis/sam4e/source/templates/exceptions.o
                                                  src/ASF/sam/utils/cmsis/sam4e/source/templates/gcc/startup_sam4e.o
PWM_Handler                                       src/ASF/sam/utils/cmsis/sam4e/source/templates/exceptions.o
                                                  src/ASF/sam/utils/cmsis/sam4e/source/templates/gcc/startup_sam4e.o
PendSV_Handler                                    src/ASF/sam/utils/cmsis/sam4e/source/templates/exceptions.o
                                                  src/ASF/sam/utils/cmsis/sam4e/source/templates/gcc/startup_sam4e.o
RSTC_Handler                                      src/ASF/sam/utils/cmsis/sam4e/source/templates/exceptions.o
                                                  src/ASF/sam/utils/cmsis/sam4e/source/templates/gcc/startup_sam4e.o
RTC_Handler                                       src/ASF/sam/utils/cmsis/sam4e/source/templates/exceptions.o
                                                  src/ASF/sam/utils/cmsis/sam4e/source/templates/gcc/startup_sam4e.o
RTT_Handler                                       src/ASF/sam/utils/cmsis/sam4e/source/templates/exceptions.o
                                                  src/ASF/sam/utils/cmsis/sam4e/source/templates/gcc/startup_sam4e.o
Reset_Handler                                     src/ASF/sam/utils/cmsis/sam4e/source/templates/gcc/startup_sam4e.o
                                                  src/ASF/sam/utils/cmsis/sam4e/source/templates/exceptions.o
SMC_Handler                                       src/ASF/sam/utils/cmsis/sam4e/source/templates/exceptions.o
SPI_Handler                                       src/ASF/sam/utils/cmsis/sam4e/source/templates/exceptions.o
                                                  src/ASF/sam/utils/cmsis/sam4e/source/templates/gcc/startup_sam4e.o
SUPC_Handler                                      src/ASF/sam/utils/cmsis/sam4e/source/templates/exceptions.o
                                                  src/ASF/sam/utils/cmsis/sam4e/source/templates/gcc/startup_sam4e.o
SVC_Handler                                       src/ASF/sam/utils/cmsis/sam4e/source/templates/exceptions.o
                                                  src/ASF/sam/utils/cmsis/sam4e/source/templates/gcc/startup_sam4e.o
SysTick_Handler                                   src/ASF/sam/utils/cmsis/sam4e/source/templates/exceptions.o
                                                  src/ASF/sam/utils/cmsis/sam4e/source/templates/gcc/startup_sam4e.o
SystemCoreClock                                   src/ASF/sam/utils/cmsis/sam4e/source/templates/system_sam4e.o
SystemCoreClockUpdate                             src/ASF/sam/utils/cmsis/sam4e/source/templates/system_sam4e.o
                                                  src/ASF/common/services/clock/sam4e/sysclk.o
SystemInit                                        src/ASF/sam/utils/cmsis/sam4e/source/templates/system_sam4e.o
TC0_Handler                                       src/main.o
                                                  src/ASF/sam/utils/cmsis/sam4e/source/templates/exceptions.o
                                                  src/ASF/sam/utils/cmsis/sam4e/source/templates/gcc/startup_sam4e.o
TC1_Handler                                       src/main.o
                                                  src/ASF/sam/utils/cmsis/sam4e/source/templates/exceptions.o
                                                  src/ASF/sam/utils/cmsis/sam4e/source/templates/gcc/startup_sam4e.o
TC2_Handler                                       src/main.o
                                                  src/ASF/sam/utils/cmsis/sam4e/source/templates/exceptions.o
                                                  src/ASF/sam/utils/cmsis/sam4e/source/templates/gcc/startup_sam4e.o
TC3_Handler                                       src/ASF/sam/utils/cmsis/sam4e/source/templates/exceptions.o
                                                  src/ASF/sam/utils/cmsis/sam4e/source/templates/gcc/startup_sam4e.o
TC4_Handler                                       src/ASF/sam/utils/cmsis/sam4e/source/templates/exceptions.o
                                                  src/ASF/sam/utils/cmsis/sam4e/source/templates/gcc/startup_sam4e.o
TC5_Handler                                       src/ASF/sam/utils/cmsis/sam4e/source/templates/exceptions.o
                                                  src/ASF/sam/utils/cmsis/sam4e/source/templates/gcc/startup_sam4e.o
TC6_Handler                                       src/ASF/sam/utils/cmsis/sam4e/source/templates/exceptions.o
                                                  src/ASF/sam/utils/cmsis/sam4e/source/templates/gcc/startup_sam4e.o
TC7_Handler                                       src/ASF/sam/utils/cmsis/sam4e/source/templates/exceptions.o
                                                  src/ASF/sam/utils/cmsis/sam4e/source/templates/gcc/startup_sam4e.o
TC8_Handler                                       src/ASF/sam/utils/cmsis/sam4e/source/templates/exceptions.o
                                                  src/ASF/sam/utils/cmsis/sam4e/source/templates/gcc/startup_sam4e.o
TWI0_Handler                                      src/ASF/sam/utils/cmsis/sam4e/source/templates/exceptions.o
                                                  src/ASF/sam/utils/cmsis/sam4e/source/templates/gcc/startup_sam4e.o
TWI1_Handler                                      src/ASF/sam/utils/cmsis/sam4e/source/templates/exceptions.o
                                                  src/ASF/sam/utils/cmsis/sam4e/source/templates/gcc/startup_sam4e.o
UART0_Handler                                     src/ASF/sam/utils/cmsis/sam4e/source/templates/exceptions.o
                                                  src/ASF/sam/utils/cmsis/sam4e/source/templates/gcc/startup_sam4e.o
UART1_Handler                                     src/ASF/sam/utils/cmsis/sam4e/source/templates/exceptions.o
                                                  src/ASF/sam/utils/cmsis/sam4e/source/templates/gcc/startup_sam4e.o
UDP_Handler                                       src/ASF/sam/utils/cmsis/sam4e/source/templates/exceptions.o
                                                  src/ASF/sam/utils/cmsis/sam4e/source/templates/gcc/startup_sam4e.o
USART0_Handler                                    src/ASF/sam/utils/cmsis/sam4e/source/templates/exceptions.o
                                                  src/ASF/sam/utils/cmsis/sam4e/source/templates/gcc/startup_sam4e.o
USART1_Handler                                    src/ASF/sam/utils/cmsis/sam4e/source/templates/exceptions.o
                                                  src/ASF/sam/utils/cmsis/sam4e/source/templates/gcc/startup_sam4e.o
UsageFault_Handler                                src/ASF/sam/utils/cmsis/sam4e/source/templates/exceptions.o
                                                  src/ASF/sam/utils/cmsis/sam4e/source/templates/gcc/startup_sam4e.o
WDT_Handler                                       src/ASF/sam/utils/cmsis/sam4e/source/templates/exceptions.o
                                                  src/ASF/sam/utils/cmsis/sam4e/source/templates/gcc/startup_sam4e.o
_Jv_RegisterClasses                               c:/program files (x86)/atmel/studio/7.0/toolchain/arm/arm-gnu-toolchain/bin/../lib/gcc/arm-none-eabi/6.2.1/thumb/v7e-m/crtbegin.o
__bss_end__                                       c:/program files (x86)/atmel/studio/7.0/toolchain/arm/arm-gnu-toolchain/bin/../lib/gcc/arm-none-eabi/6.2.1/../../../../arm-none-eabi/lib/thumb/v7e-m/crt0.o
__bss_start__                                     c:/program files (x86)/atmel/studio/7.0/toolchain/arm/arm-gnu-toolchain/bin/../lib/gcc/arm-none-eabi/6.2.1/../../../../arm-none-eabi/lib/thumb/v7e-m/crt0.o
__call_exitprocs                                  c:/program files (x86)/atmel/studio/7.0/toolchain/arm/arm-gnu-toolchain/bin/../lib/gcc/arm-none-eabi/6.2.1/../../../../arm-none-eabi/lib/thumb/v7e-m\libc.a(lib_a-__call_atexit.o)
                                                  c:/program files (x86)/atmel/studio/7.0/toolchain/arm/arm-gnu-toolchain/bin/../lib/gcc/arm-none-eabi/6.2.1/../../../../arm-none-eabi/lib/thumb/v7e-m\libc.a(lib_a-exit.o)
__deregister_frame_info                           c:/program files (x86)/atmel/studio/7.0/toolchain/arm/arm-gnu-toolchain/bin/../lib/gcc/arm-none-eabi/6.2.1/thumb/v7e-m/crtbegin.o
__dso_handle                                      c:/program files (x86)/atmel/studio/7.0/toolchain/arm/arm-gnu-toolchain/bin/../lib/gcc/arm-none-eabi/6.2.1/thumb/v7e-m/crtbegin.o
__fini_array_end                                  c:/program files (x86)/atmel/studio/7.0/toolchain/arm/arm-gnu-toolchain/bin/../lib/gcc/arm-none-eabi/6.2.1/../../../../arm-none-eabi/lib/thumb/v7e-m\libc.a(lib_a-fini.o)
__fini_array_start                                c:/program files (x86)/atmel/studio/7.0/toolchain/arm/arm-gnu-toolchain/bin/../lib/gcc/arm-none-eabi/6.2.1/../../../../arm-none-eabi/lib/thumb/v7e-m\libc.a(lib_a-fini.o)
__init_array_end                                  c:/program files (x86)/atmel/studio/7.0/toolchain/arm/arm-gnu-toolchain/bin/../lib/gcc/arm-none-eabi/6.2.1/../../../../arm-none-eabi/lib/thumb/v7e-m\libc.a(lib_a-init.o)
__init_array_start                                c:/program files (x86)/atmel/studio/7.0/toolchain/arm/arm-gnu-toolchain/bin/../lib/gcc/arm-none-eabi/6.2.1/../../../../arm-none-eabi/lib/thumb/v7e-m\libc.a(lib_a-init.o)
__libc_fini                                       c:/program files (x86)/atmel/studio/7.0/toolchain/arm/arm-gnu-toolchain/bin/../lib/gcc/arm-none-eabi/6.2.1/../../../../arm-none-eabi/lib/thumb/v7e-m\libc.a(lib_a-__call_atexit.o)
__libc_fini_array                                 c:/program files (x86)/atmel/studio/7.0/toolchain/arm/arm-gnu-toolchain/bin/../lib/gcc/arm-none-eabi/6.2.1/../../../../arm-none-eabi/lib/thumb/v7e-m\libc.a(lib_a-fini.o)
                                                  c:/program files (x86)/atmel/studio/7.0/toolchain/arm/arm-gnu-toolchain/bin/../lib/gcc/arm-none-eabi/6.2.1/../../../../arm-none-eabi/lib/thumb/v7e-m\libc.a(lib_a-__call_atexit.o)
                                                  c:/program files (x86)/atmel/studio/7.0/toolchain/arm/arm-gnu-toolchain/bin/../lib/gcc/arm-none-eabi/6.2.1/../../../../arm-none-eabi/lib/thumb/v7e-m/crt0.o
__libc_init_array                                 c:/program files (x86)/atmel/studio/7.0/toolchain/arm/arm-gnu-toolchain/bin/../lib/gcc/arm-none-eabi/6.2.1/../../../../arm-none-eabi/lib/thumb/v7e-m\libc.a(lib_a-init.o)
                                                  src/ASF/sam/utils/cmsis/sam4e/source/templates/gcc/startup_sam4e.o
                                                  c:/program files (x86)/atmel/studio/7.0/toolchain/arm/arm-gnu-toolchain/bin/../lib/gcc/arm-none-eabi/6.2.1/../../../../arm-none-eabi/lib/thumb/v7e-m/crt0.o
__preinit_array_end                               c:/program files (x86)/atmel/studio/7.0/toolchain/arm/arm-gnu-toolchain/bin/../lib/gcc/arm-none-eabi/6.2.1/../../../../arm-none-eabi/lib/thumb/v7e-m\libc.a(lib_a-init.o)
__preinit_array_start                             c:/program files (x86)/atmel/studio/7.0/toolchain/arm/arm-gnu-toolchain/bin/../lib/gcc/arm-none-eabi/6.2.1/../../../../arm-none-eabi/lib/thumb/v7e-m\libc.a(lib_a-init.o)
__ram_end__                                       src/ASF/sam/utils/syscalls/gcc/syscalls.o
__register_exitproc                               c:/program files (x86)/atmel/studio/7.0/toolchain/arm/arm-gnu-toolchain/bin/../lib/gcc/arm-none-eabi/6.2.1/../../../../arm-none-eabi/lib/thumb/v7e-m\libc.a(lib_a-__atexit.o)
                                                  c:/program files (x86)/atmel/studio/7.0/toolchain/arm/arm-gnu-toolchain/bin/../lib/gcc/arm-none-eabi/6.2.1/../../../../arm-none-eabi/lib/thumb/v7e-m\libc.a(lib_a-atexit.o)
__register_frame_info                             c:/program files (x86)/atmel/studio/7.0/toolchain/arm/arm-gnu-toolchain/bin/../lib/gcc/arm-none-eabi/6.2.1/thumb/v7e-m/crtbegin.o
__stack                                           c:/program files (x86)/atmel/studio/7.0/toolchain/arm/arm-gnu-toolchain/bin/../lib/gcc/arm-none-eabi/6.2.1/../../../../arm-none-eabi/lib/thumb/v7e-m/crt0.o
_close                                            src/ASF/sam/utils/syscalls/gcc/syscalls.o
_end                                              src/ASF/sam/utils/syscalls/gcc/syscalls.o
_erelocate                                        src/ASF/sam/utils/cmsis/sam4e/source/templates/gcc/startup_sam4e.o
_estack                                           src/ASF/sam/utils/cmsis/sam4e/source/templates/gcc/startup_sam4e.o
_etext                                            src/ASF/sam/utils/cmsis/sam4e/source/templates/gcc/startup_sam4e.o
_exit                                             src/ASF/sam/utils/syscalls/gcc/syscalls.o
                                                  c:/program files (x86)/atmel/studio/7.0/toolchain/arm/arm-gnu-toolchain/bin/../lib/gcc/arm-none-eabi/6.2.1/../../../../arm-none-eabi/lib/thumb/v7e-m\libc.a(lib_a-exit.o)
_ezero                                            src/ASF/sam/utils/cmsis/sam4e/source/templates/gcc/startup_sam4e.o
_fini                                             c:/program files (x86)/atmel/studio/7.0/toolchain/arm/arm-gnu-toolchain/bin/../lib/gcc/arm-none-eabi/6.2.1/thumb/v7e-m/crti.o
                                                  c:/program files (x86)/atmel/studio/7.0/toolchain/arm/arm-gnu-toolchain/bin/../lib/gcc/arm-none-eabi/6.2.1/../../../../arm-none-eabi/lib/thumb/v7e-m\libc.a(lib_a-fini.o)
_fstat                                            src/ASF/sam/utils/syscalls/gcc/syscalls.o
_getpid                                           src/ASF/sam/utils/syscalls/gcc/syscalls.o
_global_impure_ptr                                c:/program files (x86)/atmel/studio/7.0/toolchain/arm/arm-gnu-toolchain/bin/../lib/gcc/arm-none-eabi/6.2.1/../../../../arm-none-eabi/lib/thumb/v7e-m\libc.a(lib_a-impure.o)
                                                  c:/program files (x86)/atmel/studio/7.0/toolchain/arm/arm-gnu-toolchain/bin/../lib/gcc/arm-none-eabi/6.2.1/../../../../arm-none-eabi/lib/thumb/v7e-m\libc.a(lib_a-__atexit.o)
                                                  c:/program files (x86)/atmel/studio/7.0/toolchain/arm/arm-gnu-toolchain/bin/../lib/gcc/arm-none-eabi/6.2.1/../../../../arm-none-eabi/lib/thumb/v7e-m\libc.a(lib_a-__call_atexit.o)
                                                  c:/program files (x86)/atmel/studio/7.0/toolchain/arm/arm-gnu-toolchain/bin/../lib/gcc/arm-none-eabi/6.2.1/../../../../arm-none-eabi/lib/thumb/v7e-m\libc.a(lib_a-exit.o)
_impure_ptr                                       c:/program files (x86)/atmel/studio/7.0/toolchain/arm/arm-gnu-toolchain/bin/../lib/gcc/arm-none-eabi/6.2.1/../../../../arm-none-eabi/lib/thumb/v7e-m\libc.a(lib_a-impure.o)
_init                                             c:/program files (x86)/atmel/studio/7.0/toolchain/arm/arm-gnu-toolchain/bin/../lib/gcc/arm-none-eabi/6.2.1/thumb/v7e-m/crti.o
                                                  c:/program files (x86)/atmel/studio/7.0/toolchain/arm/arm-gnu-toolchain/bin/../lib/gcc/arm-none-eabi/6.2.1/../../../../arm-none-eabi/lib/thumb/v7e-m\libc.a(lib_a-init.o)
_isatty                                           src/ASF/sam/utils/syscalls/gcc/syscalls.o
_kill                                             src/ASF/sam/utils/syscalls/gcc/syscalls.o
_lseek                                            src/ASF/sam/utils/syscalls/gcc/syscalls.o
_mainCRTStartup                                   c:/program files (x86)/atmel/studio/7.0/toolchain/arm/arm-gnu-toolchain/bin/../lib/gcc/arm-none-eabi/6.2.1/../../../../arm-none-eabi/lib/thumb/v7e-m/crt0.o
_sbrk                                             src/ASF/sam/utils/syscalls/gcc/syscalls.o
_sfixed                                           src/ASF/sam/utils/cmsis/sam4e/source/templates/gcc/startup_sam4e.o
_srelocate                                        src/ASF/sam/utils/cmsis/sam4e/source/templates/gcc/startup_sam4e.o
_start                                            c:/program files (x86)/atmel/studio/7.0/toolchain/arm/arm-gnu-toolchain/bin/../lib/gcc/arm-none-eabi/6.2.1/../../../../arm-none-eabi/lib/thumb/v7e-m/crt0.o
_szero                                            src/ASF/sam/utils/cmsis/sam4e/source/templates/gcc/startup_sam4e.o
afec_callback_pointer                             src/ASF/sam/drivers/afec/afec.o
afec_cfg                                          src/main.o
                                                  src/PDU.o
afec_ch_cfg                                       src/main.o
                                                  src/PDU.o
afec_ch_get_config_defaults                       src/ASF/sam/drivers/afec/afec.o
                                                  src/PDU.o
afec_ch_set_config                                src/ASF/sam/drivers/afec/afec.o
                                                  src/PDU.o
afec_configure_sequence                           src/ASF/sam/drivers/afec/afec.o
afec_disable                                      src/ASF/sam/drivers/afec/afec.o
afec_disable_interrupt                            src/ASF/sam/drivers/afec/afec.o
afec_enable                                       src/ASF/sam/drivers/afec/afec.o
                                                  src/PDU.o
afec_enable_interrupt                             src/ASF/sam/drivers/afec/afec.o
afec_get_config_defaults                          src/ASF/sam/drivers/afec/afec.o
                                                  src/PDU.o
afec_init                                         src/ASF/sam/drivers/afec/afec.o
                                                  src/PDU.o
afec_set_callback                                 src/ASF/sam/drivers/afec/afec.o
                                                  src/PDU.o
afec_set_comparison_mode                          src/ASF/sam/drivers/afec/afec.o
afec_set_power_mode                               src/ASF/sam/drivers/afec/afec.o
afec_temp_sensor_get_config_defaults              src/ASF/sam/drivers/afec/afec.o
                                                  src/PDU.o
afec_temp_sensor_set_config                       src/ASF/sam/drivers/afec/afec.o
                                                  src/PDU.o
all_off                                           src/PDU.o
atexit                                            c:/program files (x86)/atmel/studio/7.0/toolchain/arm/arm-gnu-toolchain/bin/../lib/gcc/arm-none-eabi/6.2.1/../../../../arm-none-eabi/lib/thumb/v7e-m\libc.a(lib_a-atexit.o)
                                                  c:/program files (x86)/atmel/studio/7.0/toolchain/arm/arm-gnu-toolchain/bin/../lib/gcc/arm-none-eabi/6.2.1/../../../../arm-none-eabi/lib/thumb/v7e-m\libc.a(lib_a-__call_atexit.o)
                                                  c:/program files (x86)/atmel/studio/7.0/toolchain/arm/arm-gnu-toolchain/bin/../lib/gcc/arm-none-eabi/6.2.1/../../../../arm-none-eabi/lib/thumb/v7e-m/crt0.o
board_init                                        src/ASF/common/boards/user_board/init.o
                                                  src/main.o
can_bit_time                                      src/ASF/sam/drivers/can/can.o
can_disable                                       src/ASF/sam/drivers/can/can.o
can_disable_autobaud_listen_mode                  src/ASF/sam/drivers/can/can.o
                                                  src/PDU.o
can_disable_interrupt                             src/ASF/sam/drivers/can/can.o
                                                  src/PDU.o
can_disable_low_power_mode                        src/ASF/sam/drivers/can/can.o
can_disable_overload_frame                        src/ASF/sam/drivers/can/can.o
can_disable_time_triggered_mode                   src/ASF/sam/drivers/can/can.o
can_disable_timer_freeze                          src/ASF/sam/drivers/can/can.o
can_disable_tx_repeat                             src/ASF/sam/drivers/can/can.o
can_enable                                        src/ASF/sam/drivers/can/can.o
can_enable_autobaud_listen_mode                   src/ASF/sam/drivers/can/can.o
                                                  src/PDU.o
can_enable_interrupt                              src/ASF/sam/drivers/can/can.o
                                                  src/PDU.o
can_enable_low_power_mode                         src/ASF/sam/drivers/can/can.o
can_enable_overload_frame                         src/ASF/sam/drivers/can/can.o
can_enable_time_triggered_mode                    src/ASF/sam/drivers/can/can.o
can_enable_timer_freeze                           src/ASF/sam/drivers/can/can.o
can_enable_tx_repeat                              src/ASF/sam/drivers/can/can.o
can_get_internal_timer_value                      src/ASF/sam/drivers/can/can.o
can_get_interrupt_mask                            src/ASF/sam/drivers/can/can.o
can_get_rx_error_cnt                              src/ASF/sam/drivers/can/can.o
can_get_status                                    src/ASF/sam/drivers/can/can.o
                                                  src/PDU.o
can_get_timestamp_value                           src/ASF/sam/drivers/can/can.o
can_get_tx_error_cnt                              src/ASF/sam/drivers/can/can.o
                                                  src/PDU.o
can_global_send_abort_cmd                         src/ASF/sam/drivers/can/can.o
can_global_send_transfer_cmd                      src/ASF/sam/drivers/can/can.o
can_init                                          src/ASF/sam/drivers/can/can.o
                                                  src/PDU.o
can_mailbox                                       src/main.o
                                                  src/PDU.o
can_mailbox_get_status                            src/ASF/sam/drivers/can/can.o
                                                  src/PDU.o
can_mailbox_init                                  src/ASF/sam/drivers/can/can.o
                                                  src/PDU.o
can_mailbox_read                                  src/ASF/sam/drivers/can/can.o
                                                  src/PDU.o
can_mailbox_send_abort_cmd                        src/ASF/sam/drivers/can/can.o
can_mailbox_send_transfer_cmd                     src/ASF/sam/drivers/can/can.o
                                                  src/PDU.o
can_mailbox_set_timemark                          src/ASF/sam/drivers/can/can.o
can_mailbox_tx_remote_frame                       src/ASF/sam/drivers/can/can.o
can_mailbox_write                                 src/ASF/sam/drivers/can/can.o
                                                  src/PDU.o
can_reset_all_mailbox                             src/ASF/sam/drivers/can/can.o
can_reset_internal_timer                          src/ASF/sam/drivers/can/can.o
can_set_timestamp_capture_point                   src/ASF/sam/drivers/can/can.o
cpu_irq_enter_critical                            src/ASF/common/utils/interrupt/interrupt_sam_nvic.o
cpu_irq_leave_critical                            src/ASF/common/utils/interrupt/interrupt_sam_nvic.o
enable_mask                                       src/main.o
                                                  src/PDU.o
error_mask                                        src/main.o
                                                  src/PDU.o
exception_table                                   src/ASF/sam/utils/cmsis/sam4e/source/templates/gcc/startup_sam4e.o
exit                                              c:/program files (x86)/atmel/studio/7.0/toolchain/arm/arm-gnu-toolchain/bin/../lib/gcc/arm-none-eabi/6.2.1/../../../../arm-none-eabi/lib/thumb/v7e-m\libc.a(lib_a-exit.o)
                                                  c:/program files (x86)/atmel/studio/7.0/toolchain/arm/arm-gnu-toolchain/bin/../lib/gcc/arm-none-eabi/6.2.1/../../../../arm-none-eabi/lib/thumb/v7e-m/crt0.o
free                                              c:/program files (x86)/atmel/studio/7.0/toolchain/arm/arm-gnu-toolchain/bin/../lib/gcc/arm-none-eabi/6.2.1/../../../../arm-none-eabi/lib/thumb/v7e-m\libc.a(lib_a-__call_atexit.o)
g_interrupt_enabled                               src/ASF/common/utils/interrupt/interrupt_sam_nvic.o
                                                  src/ASF/sam/utils/cmsis/sam4e/source/templates/gcc/startup_sam4e.o
                                                  src/ASF/sam/drivers/pmc/sleep.o
                                                  src/ASF/sam/drivers/afec/afec.o
g_recv_timeout_cnt                                src/main.o
                                                  src/PDU.o
g_tx_status                                       src/main.o
                                                  src/PDU.o
g_ul_recv_status                                  src/main.o
                                                  src/PDU.o
get_chip_temp                                     src/PDU.o
get_is                                            src/PDU.o
handle_CAN                                        src/PDU.o
hardware_init_hook                                c:/program files (x86)/atmel/studio/7.0/toolchain/arm/arm-gnu-toolchain/bin/../lib/gcc/arm-none-eabi/6.2.1/../../../../arm-none-eabi/lib/thumb/v7e-m/crt0.o
init_PDU                                          src/PDU.o
                                                  src/main.o
link                                              src/ASF/sam/utils/syscalls/gcc/syscalls.o
main                                              src/main.o
                                                  src/ASF/sam/utils/cmsis/sam4e/source/templates/gcc/startup_sam4e.o
                                                  c:/program files (x86)/atmel/studio/7.0/toolchain/arm/arm-gnu-toolchain/bin/../lib/gcc/arm-none-eabi/6.2.1/../../../../arm-none-eabi/lib/thumb/v7e-m/crt0.o
malloc                                            c:/program files (x86)/atmel/studio/7.0/toolchain/arm/arm-gnu-toolchain/bin/../lib/gcc/arm-none-eabi/6.2.1/../../../../arm-none-eabi/lib/thumb/v7e-m\libc.a(lib_a-__atexit.o)
memset                                            c:/program files (x86)/atmel/studio/7.0/toolchain/arm/arm-gnu-toolchain/bin/../lib/gcc/arm-none-eabi/6.2.1/../../../../arm-none-eabi/lib/thumb/v7e-m\libc.a(lib_a-memset.o)
                                                  c:/program files (x86)/atmel/studio/7.0/toolchain/arm/arm-gnu-toolchain/bin/../lib/gcc/arm-none-eabi/6.2.1/../../../../arm-none-eabi/lib/thumb/v7e-m/crt0.o
outputs                                           src/main.o
                                                  src/PDU.o
pmc_clr_fast_startup_input                        src/ASF/sam/drivers/pmc/pmc.o
pmc_disable_all_pck                               src/ASF/sam/drivers/pmc/pmc.o
pmc_disable_all_periph_clk                        src/ASF/sam/drivers/pmc/pmc.o
pmc_disable_clock_failure_detector                src/ASF/sam/drivers/pmc/pmc.o
pmc_disable_interrupt                             src/ASF/sam/drivers/pmc/pmc.o
pmc_disable_pck                                   src/ASF/sam/drivers/pmc/pmc.o
pmc_disable_periph_clk                            src/ASF/sam/drivers/pmc/pmc.o
                                                  src/ASF/sam/drivers/afec/afec.o
pmc_disable_pllack                                src/ASF/sam/drivers/pmc/pmc.o
                                                  src/ASF/sam/drivers/pmc/sleep.o
                                                  src/ASF/common/services/clock/sam4e/sysclk.o
pmc_disable_udpck                                 src/ASF/sam/drivers/pmc/pmc.o
                                                  src/ASF/common/services/clock/sam4e/sysclk.o
pmc_enable_all_pck                                src/ASF/sam/drivers/pmc/pmc.o
pmc_enable_all_periph_clk                         src/ASF/sam/drivers/pmc/pmc.o
pmc_enable_backupmode                             src/ASF/sam/drivers/pmc/pmc.o
pmc_enable_clock_failure_detector                 src/ASF/sam/drivers/pmc/pmc.o
pmc_enable_interrupt                              src/ASF/sam/drivers/pmc/pmc.o
pmc_enable_pck                                    src/ASF/sam/drivers/pmc/pmc.o
pmc_enable_periph_clk                             src/ASF/sam/drivers/pmc/pmc.o
                                                  src/ASF/common/boards/user_board/init.o
                                                  src/ASF/sam/drivers/afec/afec.o
pmc_enable_pllack                                 src/ASF/sam/drivers/pmc/pmc.o
pmc_enable_sleepmode                              src/ASF/sam/drivers/pmc/pmc.o
pmc_enable_udpck                                  src/ASF/sam/drivers/pmc/pmc.o
                                                  src/ASF/common/services/clock/sam4e/sysclk.o
pmc_enable_waitmode                               src/ASF/sam/drivers/pmc/pmc.o
                                                  src/ASF/sam/drivers/pmc/sleep.o
pmc_get_interrupt_mask                            src/ASF/sam/drivers/pmc/pmc.o
pmc_get_status                                    src/ASF/sam/drivers/pmc/pmc.o
pmc_get_writeprotect_status                       src/ASF/sam/drivers/pmc/pmc.o
pmc_is_locked_pllack                              src/ASF/sam/drivers/pmc/pmc.o
                                                  src/ASF/common/services/clock/sam4e/sysclk.o
pmc_is_pck_enabled                                src/ASF/sam/drivers/pmc/pmc.o
pmc_is_periph_clk_enabled                         src/ASF/sam/drivers/pmc/pmc.o
pmc_is_wakeup_clocks_restored                     src/ASF/sam/drivers/pmc/sleep.o
pmc_mainck_osc_select                             src/ASF/sam/drivers/pmc/pmc.o
pmc_mck_set_prescaler                             src/ASF/sam/drivers/pmc/pmc.o
                                                  src/ASF/common/services/clock/sam4e/sysclk.o
pmc_mck_set_source                                src/ASF/sam/drivers/pmc/pmc.o
                                                  src/ASF/common/services/clock/sam4e/sysclk.o
pmc_osc_bypass_main_xtal                          src/ASF/sam/drivers/pmc/pmc.o
pmc_osc_disable_fastrc                            src/ASF/sam/drivers/pmc/pmc.o
pmc_osc_disable_main_xtal                         src/ASF/sam/drivers/pmc/pmc.o
pmc_osc_disable_xtal                              src/ASF/sam/drivers/pmc/pmc.o
pmc_osc_enable_fastrc                             src/ASF/sam/drivers/pmc/pmc.o
pmc_osc_enable_main_xtal                          src/ASF/sam/drivers/pmc/pmc.o
pmc_osc_is_bypassed_main_xtal                     src/ASF/sam/drivers/pmc/pmc.o
pmc_osc_is_ready_32kxtal                          src/ASF/sam/drivers/pmc/pmc.o
pmc_osc_is_ready_fastrc                           src/ASF/sam/drivers/pmc/pmc.o
pmc_osc_is_ready_main_xtal                        src/ASF/sam/drivers/pmc/pmc.o
pmc_osc_is_ready_mainck                           src/ASF/sam/drivers/pmc/pmc.o
                                                  src/ASF/common/services/clock/sam4e/sysclk.o
pmc_pck_set_prescaler                             src/ASF/sam/drivers/pmc/pmc.o
pmc_pck_set_source                                src/ASF/sam/drivers/pmc/pmc.o
pmc_set_fast_startup_input                        src/ASF/sam/drivers/pmc/pmc.o
pmc_set_flash_in_wait_mode                        src/ASF/sam/drivers/pmc/pmc.o
                                                  src/ASF/sam/drivers/pmc/sleep.o
pmc_set_writeprotect                              src/ASF/sam/drivers/pmc/pmc.o
pmc_sleep                                         src/ASF/sam/drivers/pmc/sleep.o
pmc_switch_mainck_to_fastrc                       src/ASF/sam/drivers/pmc/pmc.o
pmc_switch_mainck_to_xtal                         src/ASF/sam/drivers/pmc/pmc.o
                                                  src/ASF/common/services/clock/sam4e/sysclk.o
pmc_switch_mck_to_mainck                          src/ASF/sam/drivers/pmc/pmc.o
pmc_switch_mck_to_pllack                          src/ASF/sam/drivers/pmc/pmc.o
                                                  src/ASF/common/services/clock/sam4e/sysclk.o
pmc_switch_mck_to_sclk                            src/ASF/sam/drivers/pmc/pmc.o
pmc_switch_pck_to_mainck                          src/ASF/sam/drivers/pmc/pmc.o
pmc_switch_pck_to_mck                             src/ASF/sam/drivers/pmc/pmc.o
pmc_switch_pck_to_pllack                          src/ASF/sam/drivers/pmc/pmc.o
pmc_switch_pck_to_sclk                            src/ASF/sam/drivers/pmc/pmc.o
pmc_switch_sclk_to_32kxtal                        src/ASF/sam/drivers/pmc/pmc.o
pmc_switch_udpck_to_pllack                        src/ASF/sam/drivers/pmc/pmc.o
                                                  src/ASF/common/services/clock/sam4e/sysclk.o
pmc_wait_wakeup_clocks_restore                    src/ASF/sam/drivers/pmc/sleep.o
portable_delay_cycles                             src/ASF/common/services/delay/sam/cycle_counter.o
                                                  src/PDU.o
rtt_disable                                       src/ASF/sam/drivers/rtt/rtt.o
rtt_disable_interrupt                             src/ASF/sam/drivers/rtt/rtt.o
rtt_enable                                        src/ASF/sam/drivers/rtt/rtt.o
rtt_enable_interrupt                              src/ASF/sam/drivers/rtt/rtt.o
rtt_get_status                                    src/ASF/sam/drivers/rtt/rtt.o
rtt_init                                          src/ASF/sam/drivers/rtt/rtt.o
rtt_read_timer_value                              src/ASF/sam/drivers/rtt/rtt.o
rtt_sel_source                                    src/ASF/sam/drivers/rtt/rtt.o
rtt_write_alarm_time                              src/ASF/sam/drivers/rtt/rtt.o
set_enable                                        src/PDU.o
                                                  src/main.o
sleepmgr_locks                                    src/ASF/common/services/sleepmgr/sam/sleepmgr.o
                                                  src/ASF/sam/drivers/afec/afec.o
soft_restart                                      src/PDU.o
                                                  src/main.o
soft_restart_mask                                 src/main.o
software_init_hook                                c:/program files (x86)/atmel/studio/7.0/toolchain/arm/arm-gnu-toolchain/bin/../lib/gcc/arm-none-eabi/6.2.1/../../../../arm-none-eabi/lib/thumb/v7e-m/crt0.o
sysclk_disable_usb                                src/ASF/common/services/clock/sam4e/sysclk.o
sysclk_enable_usb                                 src/ASF/common/services/clock/sam4e/sysclk.o
sysclk_init                                       src/ASF/common/services/clock/sam4e/sysclk.o
                                                  src/main.o
sysclk_set_prescalers                             src/ASF/common/services/clock/sam4e/sysclk.o
sysclk_set_source                                 src/ASF/common/services/clock/sam4e/sysclk.o
system_init_flash                                 src/ASF/sam/utils/cmsis/sam4e/source/templates/system_sam4e.o
                                                  src/ASF/common/services/clock/sam4e/sysclk.o
tc_disable_interrupt                              src/ASF/sam/drivers/tc/tc.o
tc_disable_qdec_interrupt                         src/ASF/sam/drivers/tc/tc.o
tc_enable_interrupt                               src/ASF/sam/drivers/tc/tc.o
                                                  src/PDU.o
tc_enable_qdec_interrupt                          src/ASF/sam/drivers/tc/tc.o
tc_find_mck_divisor                               src/ASF/sam/drivers/tc/tc.o
                                                  src/PDU.o
tc_get_interrupt_mask                             src/ASF/sam/drivers/tc/tc.o
tc_get_qdec_interrupt_mask                        src/ASF/sam/drivers/tc/tc.o
tc_get_qdec_interrupt_status                      src/ASF/sam/drivers/tc/tc.o
tc_get_status                                     src/ASF/sam/drivers/tc/tc.o
                                                  src/main.o
tc_init                                           src/ASF/sam/drivers/tc/tc.o
                                                  src/PDU.o
tc_init_2bit_gray                                 src/ASF/sam/drivers/tc/tc.o
tc_read_cv                                        src/ASF/sam/drivers/tc/tc.o
tc_read_ra                                        src/ASF/sam/drivers/tc/tc.o
tc_read_rb                                        src/ASF/sam/drivers/tc/tc.o
tc_read_rc                                        src/ASF/sam/drivers/tc/tc.o
tc_set_block_mode                                 src/ASF/sam/drivers/tc/tc.o
tc_set_writeprotect                               src/ASF/sam/drivers/tc/tc.o
tc_start                                          src/ASF/sam/drivers/tc/tc.o
                                                  src/main.o
                                                  src/PDU.o
tc_stop                                           src/ASF/sam/drivers/tc/tc.o
tc_sync_trigger                                   src/ASF/sam/drivers/tc/tc.o
tc_write_ra                                       src/ASF/sam/drivers/tc/tc.o
tc_write_rb                                       src/ASF/sam/drivers/tc/tc.o
tc_write_rc                                       src/ASF/sam/drivers/tc/tc.o
                                                  src/PDU.o
uart_disable                                      src/ASF/sam/drivers/uart/uart.o
uart_disable_interrupt                            src/ASF/sam/drivers/uart/uart.o
uart_disable_rx                                   src/ASF/sam/drivers/uart/uart.o
uart_disable_tx                                   src/ASF/sam/drivers/uart/uart.o
uart_enable                                       src/ASF/sam/drivers/uart/uart.o
uart_enable_interrupt                             src/ASF/sam/drivers/uart/uart.o
uart_enable_rx                                    src/ASF/sam/drivers/uart/uart.o
uart_enable_tx                                    src/ASF/sam/drivers/uart/uart.o
uart_get_interrupt_mask                           src/ASF/sam/drivers/uart/uart.o
uart_get_pdc_base                                 src/ASF/sam/drivers/uart/uart.o